[4.435s] DEBUG:colcon:Command line arguments: ['/usr/bin/colcon', 'build']
[4.436s] DEBUG:colcon:Parsed command line arguments: Namespace(log_base=None, log_level=None, verb_name='build', build_base='build', install_base='install', merge_install=False, symlink_install=False, test_result_base=None, continue_on_error=False, executor='parallel', parallel_workers=8, event_handlers=None, ignore_user_meta=False, metas=['./colcon.meta'], base_paths=['.'], packages_ignore=None, packages_ignore_regex=None, paths=None, packages_up_to=None, packages_up_to_regex=None, packages_above=None, packages_above_and_dependencies=None, packages_above_depth=None, packages_select_by_dep=None, packages_skip_by_dep=None, packages_skip_up_to=None, packages_select_build_failed=False, packages_skip_build_finished=False, packages_select_test_failures=False, packages_skip_test_passed=False, packages_select=None, packages_skip=None, packages_select_regex=None, packages_skip_regex=None, packages_start=None, packages_end=None, allow_overriding=[], cmake_args=None, cmake_target=None, cmake_target_skip_unavailable=False, cmake_clean_cache=False, cmake_clean_first=False, cmake_force_configure=False, ament_cmake_args=None, catkin_cmake_args=None, catkin_skip_building_tests=False, mixin_files=None, mixin=None, verb_parser=<colcon_mixin.mixin.mixin_argument.MixinArgumentDecorator object at 0x7a7850990100>, verb_extension=<colcon_core.verb.build.BuildVerb object at 0x7a7850aa5000>, main=<bound method BuildVerb.main of <colcon_core.verb.build.BuildVerb object at 0x7a7850aa5000>>, mixin_verb=('build',))
[8.370s] Level 1:colcon.colcon_core.package_discovery:discover_packages(colcon_meta) check parameters
[8.371s] Level 1:colcon.colcon_core.package_discovery:discover_packages(recursive) check parameters
[8.371s] Level 1:colcon.colcon_core.package_discovery:discover_packages(ignore) check parameters
[8.371s] Level 1:colcon.colcon_core.package_discovery:discover_packages(path) check parameters
[8.371s] Level 1:colcon.colcon_core.package_discovery:discover_packages(colcon_meta) discover
[8.371s] Level 1:colcon.colcon_core.package_discovery:discover_packages(recursive) discover
[8.371s] INFO:colcon.colcon_core.package_discovery:Crawling recursively for packages in '/home/danny/ros2_ws'
[8.372s] Level 1:colcon.colcon_core.package_identification:_identify(.) by extensions ['ignore', 'ignore_ament_install']
[8.372s] Level 1:colcon.colcon_core.package_identification:_identify(.) by extension 'ignore'
[8.372s] Level 1:colcon.colcon_core.package_identification:_identify(.) by extension 'ignore_ament_install'
[8.372s] Level 1:colcon.colcon_core.package_identification:_identify(.) by extensions ['colcon_pkg']
[8.372s] Level 1:colcon.colcon_core.package_identification:_identify(.) by extension 'colcon_pkg'
[8.372s] Level 1:colcon.colcon_core.package_identification:_identify(.) by extensions ['colcon_meta']
[8.372s] Level 1:colcon.colcon_core.package_identification:_identify(.) by extension 'colcon_meta'
[8.372s] Level 1:colcon.colcon_core.package_identification:_identify(.) by extensions ['ros']
[8.372s] Level 1:colcon.colcon_core.package_identification:_identify(.) by extension 'ros'
[8.488s] Level 1:colcon.colcon_core.package_identification:_identify(.) by extensions ['cmake', 'python']
[8.489s] Level 1:colcon.colcon_core.package_identification:_identify(.) by extension 'cmake'
[8.489s] Level 1:colcon.colcon_core.package_identification:_identify(.) by extension 'python'
[8.489s] Level 1:colcon.colcon_core.package_identification:_identify(.) by extensions ['python_setup_py']
[8.489s] Level 1:colcon.colcon_core.package_identification:_identify(.) by extension 'python_setup_py'
[8.489s] Level 1:colcon.colcon_core.package_identification:_identify(build) by extensions ['ignore', 'ignore_ament_install']
[8.490s] Level 1:colcon.colcon_core.package_identification:_identify(build) by extension 'ignore'
[8.490s] Level 1:colcon.colcon_core.package_identification:_identify(build) ignored
[8.490s] Level 1:colcon.colcon_core.package_identification:_identify(install) by extensions ['ignore', 'ignore_ament_install']
[8.490s] Level 1:colcon.colcon_core.package_identification:_identify(install) by extension 'ignore'
[8.490s] Level 1:colcon.colcon_core.package_identification:_identify(install) ignored
[8.491s] Level 1:colcon.colcon_core.package_identification:_identify(log) by extensions ['ignore', 'ignore_ament_install']
[8.491s] Level 1:colcon.colcon_core.package_identification:_identify(log) by extension 'ignore'
[8.491s] Level 1:colcon.colcon_core.package_identification:_identify(log) ignored
[8.491s] Level 1:colcon.colcon_core.package_identification:_identify(src) by extensions ['ignore', 'ignore_ament_install']
[8.491s] Level 1:colcon.colcon_core.package_identification:_identify(src) by extension 'ignore'
[8.491s] Level 1:colcon.colcon_core.package_identification:_identify(src) by extension 'ignore_ament_install'
[8.492s] Level 1:colcon.colcon_core.package_identification:_identify(src) by extensions ['colcon_pkg']
[8.492s] Level 1:colcon.colcon_core.package_identification:_identify(src) by extension 'colcon_pkg'
[8.492s] Level 1:colcon.colcon_core.package_identification:_identify(src) by extensions ['colcon_meta']
[8.492s] Level 1:colcon.colcon_core.package_identification:_identify(src) by extension 'colcon_meta'
[8.492s] Level 1:colcon.colcon_core.package_identification:_identify(src) by extensions ['ros']
[8.492s] Level 1:colcon.colcon_core.package_identification:_identify(src) by extension 'ros'
[8.492s] Level 1:colcon.colcon_core.package_identification:_identify(src) by extensions ['cmake', 'python']
[8.492s] Level 1:colcon.colcon_core.package_identification:_identify(src) by extension 'cmake'
[8.492s] Level 1:colcon.colcon_core.package_identification:_identify(src) by extension 'python'
[8.492s] Level 1:colcon.colcon_core.package_identification:_identify(src) by extensions ['python_setup_py']
[8.493s] Level 1:colcon.colcon_core.package_identification:_identify(src) by extension 'python_setup_py'
[8.493s] Level 1:colcon.colcon_core.package_identification:_identify(src/rtabmap_ntust) by extensions ['ignore', 'ignore_ament_install']
[8.493s] Level 1:colcon.colcon_core.package_identification:_identify(src/rtabmap_ntust) by extension 'ignore'
[8.493s] Level 1:colcon.colcon_core.package_identification:_identify(src/rtabmap_ntust) by extension 'ignore_ament_install'
[8.493s] Level 1:colcon.colcon_core.package_identification:_identify(src/rtabmap_ntust) by extensions ['colcon_pkg']
[8.493s] Level 1:colcon.colcon_core.package_identification:_identify(src/rtabmap_ntust) by extension 'colcon_pkg'
[8.493s] Level 1:colcon.colcon_core.package_identification:_identify(src/rtabmap_ntust) by extensions ['colcon_meta']
[8.493s] Level 1:colcon.colcon_core.package_identification:_identify(src/rtabmap_ntust) by extension 'colcon_meta'
[8.494s] Level 1:colcon.colcon_core.package_identification:_identify(src/rtabmap_ntust) by extensions ['ros']
[8.494s] Level 1:colcon.colcon_core.package_identification:_identify(src/rtabmap_ntust) by extension 'ros'
[8.518s] DEBUG:colcon.colcon_core.package_identification:Package 'src/rtabmap_ntust' with type 'ros.ament_python' and name 'rtabmap_ntust'
[8.518s] Level 1:colcon.colcon_core.package_identification:_identify(src/rtabmap_webot) by extensions ['ignore', 'ignore_ament_install']
[8.519s] Level 1:colcon.colcon_core.package_identification:_identify(src/rtabmap_webot) by extension 'ignore'
[8.519s] Level 1:colcon.colcon_core.package_identification:_identify(src/rtabmap_webot) by extension 'ignore_ament_install'
[8.519s] Level 1:colcon.colcon_core.package_identification:_identify(src/rtabmap_webot) by extensions ['colcon_pkg']
[8.519s] Level 1:colcon.colcon_core.package_identification:_identify(src/rtabmap_webot) by extension 'colcon_pkg'
[8.519s] Level 1:colcon.colcon_core.package_identification:_identify(src/rtabmap_webot) by extensions ['colcon_meta']
[8.519s] Level 1:colcon.colcon_core.package_identification:_identify(src/rtabmap_webot) by extension 'colcon_meta'
[8.519s] Level 1:colcon.colcon_core.package_identification:_identify(src/rtabmap_webot) by extensions ['ros']
[8.519s] Level 1:colcon.colcon_core.package_identification:_identify(src/rtabmap_webot) by extension 'ros'
[8.530s] DEBUG:colcon.colcon_core.package_identification:Package 'src/rtabmap_webot' with type 'ros.ament_python' and name 'rtabmap_webot'
[8.531s] Level 1:colcon.colcon_core.package_discovery:discover_packages(recursive) using defaults
[8.531s] Level 1:colcon.colcon_core.package_discovery:discover_packages(ignore) discover
[8.531s] Level 1:colcon.colcon_core.package_discovery:discover_packages(ignore) using defaults
[8.531s] Level 1:colcon.colcon_core.package_discovery:discover_packages(path) discover
[8.531s] Level 1:colcon.colcon_core.package_discovery:discover_packages(path) using defaults
[8.908s] Level 1:colcon.colcon_core.package_discovery:discover_packages(prefix_path) check parameters
[8.908s] Level 1:colcon.colcon_core.package_discovery:discover_packages(prefix_path) discover
[9.000s] DEBUG:colcon.colcon_installed_package_information.package_discovery:Found 3 installed packages in /home/danny/ros2_gmapping/install
[9.001s] DEBUG:colcon.colcon_installed_package_information.package_discovery:Found 2 installed packages in /home/danny/ros2_ws/install
[9.003s] DEBUG:colcon.colcon_installed_package_information.package_discovery:Found 1 installed packages in /home/danny/ros2_slam_toolbox_ws/install
[9.008s] DEBUG:colcon.colcon_installed_package_information.package_discovery:Found 435 installed packages in /opt/ros/humble
[9.018s] Level 1:colcon.colcon_core.package_discovery:discover_packages(prefix_path) using defaults
[9.177s] Level 5:colcon.colcon_core.verb:set package 'rtabmap_ntust' build argument 'cmake_args' from command line to 'None'
[9.177s] Level 5:colcon.colcon_core.verb:set package 'rtabmap_ntust' build argument 'cmake_target' from command line to 'None'
[9.177s] Level 5:colcon.colcon_core.verb:set package 'rtabmap_ntust' build argument 'cmake_target_skip_unavailable' from command line to 'False'
[9.177s] Level 5:colcon.colcon_core.verb:set package 'rtabmap_ntust' build argument 'cmake_clean_cache' from command line to 'False'
[9.177s] Level 5:colcon.colcon_core.verb:set package 'rtabmap_ntust' build argument 'cmake_clean_first' from command line to 'False'
[9.177s] Level 5:colcon.colcon_core.verb:set package 'rtabmap_ntust' build argument 'cmake_force_configure' from command line to 'False'
[9.177s] Level 5:colcon.colcon_core.verb:set package 'rtabmap_ntust' build argument 'ament_cmake_args' from command line to 'None'
[9.177s] Level 5:colcon.colcon_core.verb:set package 'rtabmap_ntust' build argument 'catkin_cmake_args' from command line to 'None'
[9.177s] Level 5:colcon.colcon_core.verb:set package 'rtabmap_ntust' build argument 'catkin_skip_building_tests' from command line to 'False'
[9.178s] DEBUG:colcon.colcon_core.verb:Building package 'rtabmap_ntust' with the following arguments: {'ament_cmake_args': None, 'build_base': '/home/danny/ros2_ws/build/rtabmap_ntust', 'catkin_cmake_args': None, 'catkin_skip_building_tests': False, 'cmake_args': None, 'cmake_clean_cache': False, 'cmake_clean_first': False, 'cmake_force_configure': False, 'cmake_target': None, 'cmake_target_skip_unavailable': False, 'install_base': '/home/danny/ros2_ws/install/rtabmap_ntust', 'merge_install': False, 'path': '/home/danny/ros2_ws/src/rtabmap_ntust', 'symlink_install': False, 'test_result_base': None}
[9.178s] Level 5:colcon.colcon_core.verb:set package 'rtabmap_webot' build argument 'cmake_args' from command line to 'None'
[9.178s] Level 5:colcon.colcon_core.verb:set package 'rtabmap_webot' build argument 'cmake_target' from command line to 'None'
[9.178s] Level 5:colcon.colcon_core.verb:set package 'rtabmap_webot' build argument 'cmake_target_skip_unavailable' from command line to 'False'
[9.178s] Level 5:colcon.colcon_core.verb:set package 'rtabmap_webot' build argument 'cmake_clean_cache' from command line to 'False'
[9.178s] Level 5:colcon.colcon_core.verb:set package 'rtabmap_webot' build argument 'cmake_clean_first' from command line to 'False'
[9.178s] Level 5:colcon.colcon_core.verb:set package 'rtabmap_webot' build argument 'cmake_force_configure' from command line to 'False'
[9.178s] Level 5:colcon.colcon_core.verb:set package 'rtabmap_webot' build argument 'ament_cmake_args' from command line to 'None'
[9.178s] Level 5:colcon.colcon_core.verb:set package 'rtabmap_webot' build argument 'catkin_cmake_args' from command line to 'None'
[9.178s] Level 5:colcon.colcon_core.verb:set package 'rtabmap_webot' build argument 'catkin_skip_building_tests' from command line to 'False'
[9.178s] DEBUG:colcon.colcon_core.verb:Building package 'rtabmap_webot' with the following arguments: {'ament_cmake_args': None, 'build_base': '/home/danny/ros2_ws/build/rtabmap_webot', 'catkin_cmake_args': None, 'catkin_skip_building_tests': False, 'cmake_args': None, 'cmake_clean_cache': False, 'cmake_clean_first': False, 'cmake_force_configure': False, 'cmake_target': None, 'cmake_target_skip_unavailable': False, 'install_base': '/home/danny/ros2_ws/install/rtabmap_webot', 'merge_install': False, 'path': '/home/danny/ros2_ws/src/rtabmap_webot', 'symlink_install': False, 'test_result_base': None}
[9.179s] INFO:colcon.colcon_core.executor:Executing jobs using 'parallel' executor
[9.180s] DEBUG:colcon.colcon_parallel_executor.executor.parallel:run_until_complete
[9.181s] INFO:colcon.colcon_ros.task.ament_python.build:Building ROS package in '/home/danny/ros2_ws/src/rtabmap_ntust' with build type 'ament_python'
[9.181s] Level 1:colcon.colcon_core.shell:create_environment_hook('rtabmap_ntust', 'ament_prefix_path')
[9.215s] INFO:colcon.colcon_core.plugin_system:Skipping extension 'colcon_core.shell.bat': Not used on non-Windows systems
[9.216s] INFO:colcon.colcon_core.shell:Creating environment hook '/home/danny/ros2_ws/install/rtabmap_ntust/share/rtabmap_ntust/hook/ament_prefix_path.ps1'
[9.252s] INFO:colcon.colcon_core.shell:Creating environment descriptor '/home/danny/ros2_ws/install/rtabmap_ntust/share/rtabmap_ntust/hook/ament_prefix_path.dsv'
[9.261s] INFO:colcon.colcon_core.shell:Creating environment hook '/home/danny/ros2_ws/install/rtabmap_ntust/share/rtabmap_ntust/hook/ament_prefix_path.sh'
[9.263s] INFO:colcon.colcon_core.shell:Skip shell extension 'powershell' for command environment: Not usable outside of PowerShell
[9.263s] DEBUG:colcon.colcon_core.shell:Skip shell extension 'dsv' for command environment
[9.270s] INFO:colcon.colcon_ros.task.ament_python.build:Building ROS package in '/home/danny/ros2_ws/src/rtabmap_webot' with build type 'ament_python'
[9.270s] Level 1:colcon.colcon_core.shell:create_environment_hook('rtabmap_webot', 'ament_prefix_path')
[9.271s] INFO:colcon.colcon_core.shell:Creating environment hook '/home/danny/ros2_ws/install/rtabmap_webot/share/rtabmap_webot/hook/ament_prefix_path.ps1'
[9.272s] INFO:colcon.colcon_core.shell:Creating environment descriptor '/home/danny/ros2_ws/install/rtabmap_webot/share/rtabmap_webot/hook/ament_prefix_path.dsv'
[9.272s] INFO:colcon.colcon_core.shell:Creating environment hook '/home/danny/ros2_ws/install/rtabmap_webot/share/rtabmap_webot/hook/ament_prefix_path.sh'
[9.273s] INFO:colcon.colcon_core.shell:Skip shell extension 'powershell' for command environment: Not usable outside of PowerShell
[9.273s] DEBUG:colcon.colcon_core.shell:Skip shell extension 'dsv' for command environment
[9.922s] INFO:colcon.colcon_core.task.python.build:Building Python package in '/home/danny/ros2_ws/src/rtabmap_ntust'
[9.923s] INFO:colcon.colcon_core.shell:Skip shell extension 'powershell' for command environment: Not usable outside of PowerShell
[9.923s] DEBUG:colcon.colcon_core.shell:Skip shell extension 'dsv' for command environment
[10.522s] INFO:colcon.colcon_core.task.python.build:Building Python package in '/home/danny/ros2_ws/src/rtabmap_webot'
[10.523s] INFO:colcon.colcon_core.shell:Skip shell extension 'powershell' for command environment: Not usable outside of PowerShell
[10.523s] DEBUG:colcon.colcon_core.shell:Skip shell extension 'dsv' for command environment
[12.520s] DEBUG:colcon.colcon_core.event_handler.log_command:Invoking command in '/home/danny/ros2_ws/src/rtabmap_ntust': PYTHONPATH=/home/danny/ros2_ws/build/rtabmap_ntust/prefix_override:/usr/lib/python3/dist-packages/colcon_core/task/python/colcon_distutils_commands:/home/danny/ros2_ws/install/rtabmap_ntust/lib/python3.10/site-packages:${PYTHONPATH} /usr/bin/python3 -W ignore:setup.py install is deprecated -W ignore:easy_install command is deprecated setup.py egg_info --egg-base ../../build/rtabmap_ntust build --build-base /home/danny/ros2_ws/build/rtabmap_ntust/build install --record /home/danny/ros2_ws/build/rtabmap_ntust/install.log --single-version-externally-managed install_data
[12.521s] DEBUG:colcon.colcon_core.event_handler.log_command:Invoking command in '/home/danny/ros2_ws/src/rtabmap_webot': PYTHONPATH=/home/danny/ros2_ws/build/rtabmap_webot/prefix_override:/usr/lib/python3/dist-packages/colcon_core/task/python/colcon_distutils_commands:/home/danny/ros2_ws/install/rtabmap_webot/lib/python3.10/site-packages:${PYTHONPATH} /usr/bin/python3 -W ignore:setup.py install is deprecated -W ignore:easy_install command is deprecated setup.py egg_info --egg-base ../../build/rtabmap_webot build --build-base /home/danny/ros2_ws/build/rtabmap_webot/build install --record /home/danny/ros2_ws/build/rtabmap_webot/install.log --single-version-externally-managed install_data
[13.505s] DEBUG:colcon.colcon_core.event_handler.log_command:Invoked command in '/home/danny/ros2_ws/src/rtabmap_ntust' returned '0': PYTHONPATH=/home/danny/ros2_ws/build/rtabmap_ntust/prefix_override:/usr/lib/python3/dist-packages/colcon_core/task/python/colcon_distutils_commands:/home/danny/ros2_ws/install/rtabmap_ntust/lib/python3.10/site-packages:${PYTHONPATH} /usr/bin/python3 -W ignore:setup.py install is deprecated -W ignore:easy_install command is deprecated setup.py egg_info --egg-base ../../build/rtabmap_ntust build --build-base /home/danny/ros2_ws/build/rtabmap_ntust/build install --record /home/danny/ros2_ws/build/rtabmap_ntust/install.log --single-version-externally-managed install_data
[13.546s] Level 1:colcon.colcon_core.environment:checking '/home/danny/ros2_ws/install/rtabmap_ntust' for CMake module files
[13.547s] Level 1:colcon.colcon_core.environment:checking '/home/danny/ros2_ws/install/rtabmap_ntust' for CMake config files
[13.548s] Level 1:colcon.colcon_core.environment:checking '/home/danny/ros2_ws/install/rtabmap_ntust/lib'
[13.548s] Level 1:colcon.colcon_core.environment:checking '/home/danny/ros2_ws/install/rtabmap_ntust/bin'
[13.548s] Level 1:colcon.colcon_core.environment:checking '/home/danny/ros2_ws/install/rtabmap_ntust/lib/pkgconfig/rtabmap_ntust.pc'
[13.548s] Level 1:colcon.colcon_core.environment:checking '/home/danny/ros2_ws/install/rtabmap_ntust/lib/python3.10/site-packages'
[13.548s] Level 1:colcon.colcon_core.shell:create_environment_hook('rtabmap_ntust', 'pythonpath')
[13.549s] INFO:colcon.colcon_core.shell:Creating environment hook '/home/danny/ros2_ws/install/rtabmap_ntust/share/rtabmap_ntust/hook/pythonpath.ps1'
[13.549s] INFO:colcon.colcon_core.shell:Creating environment descriptor '/home/danny/ros2_ws/install/rtabmap_ntust/share/rtabmap_ntust/hook/pythonpath.dsv'
[13.550s] INFO:colcon.colcon_core.shell:Creating environment hook '/home/danny/ros2_ws/install/rtabmap_ntust/share/rtabmap_ntust/hook/pythonpath.sh'
[13.551s] Level 1:colcon.colcon_core.environment:checking '/home/danny/ros2_ws/install/rtabmap_ntust/bin'
[13.552s] Level 1:colcon.colcon_core.environment:create_environment_scripts_only(rtabmap_ntust)
[13.552s] INFO:colcon.colcon_core.shell:Creating package script '/home/danny/ros2_ws/install/rtabmap_ntust/share/rtabmap_ntust/package.ps1'
[13.560s] INFO:colcon.colcon_core.shell:Creating package descriptor '/home/danny/ros2_ws/install/rtabmap_ntust/share/rtabmap_ntust/package.dsv'
[13.571s] INFO:colcon.colcon_core.shell:Creating package script '/home/danny/ros2_ws/install/rtabmap_ntust/share/rtabmap_ntust/package.sh'
[13.572s] INFO:colcon.colcon_core.shell:Creating package script '/home/danny/ros2_ws/install/rtabmap_ntust/share/rtabmap_ntust/package.bash'
[13.578s] INFO:colcon.colcon_core.shell:Creating package script '/home/danny/ros2_ws/install/rtabmap_ntust/share/rtabmap_ntust/package.zsh'
[13.588s] Level 1:colcon.colcon_core.environment:create_file_with_runtime_dependencies(/home/danny/ros2_ws/install/rtabmap_ntust/share/colcon-core/packages/rtabmap_ntust)
[13.592s] Level 1:colcon.colcon_core.environment:checking '/home/danny/ros2_ws/install/rtabmap_webot' for CMake module files
[13.593s] DEBUG:colcon.colcon_core.event_handler.log_command:Invoked command in '/home/danny/ros2_ws/src/rtabmap_webot' returned '0': PYTHONPATH=/home/danny/ros2_ws/build/rtabmap_webot/prefix_override:/usr/lib/python3/dist-packages/colcon_core/task/python/colcon_distutils_commands:/home/danny/ros2_ws/install/rtabmap_webot/lib/python3.10/site-packages:${PYTHONPATH} /usr/bin/python3 -W ignore:setup.py install is deprecated -W ignore:easy_install command is deprecated setup.py egg_info --egg-base ../../build/rtabmap_webot build --build-base /home/danny/ros2_ws/build/rtabmap_webot/build install --record /home/danny/ros2_ws/build/rtabmap_webot/install.log --single-version-externally-managed install_data
[13.593s] Level 1:colcon.colcon_core.environment:checking '/home/danny/ros2_ws/install/rtabmap_webot' for CMake config files
[13.595s] Level 1:colcon.colcon_core.environment:checking '/home/danny/ros2_ws/install/rtabmap_webot/lib'
[13.595s] Level 1:colcon.colcon_core.environment:checking '/home/danny/ros2_ws/install/rtabmap_webot/bin'
[13.596s] Level 1:colcon.colcon_core.environment:checking '/home/danny/ros2_ws/install/rtabmap_webot/lib/pkgconfig/rtabmap_webot.pc'
[13.596s] Level 1:colcon.colcon_core.environment:checking '/home/danny/ros2_ws/install/rtabmap_webot/lib/python3.10/site-packages'
[13.596s] Level 1:colcon.colcon_core.shell:create_environment_hook('rtabmap_webot', 'pythonpath')
[13.596s] INFO:colcon.colcon_core.shell:Creating environment hook '/home/danny/ros2_ws/install/rtabmap_webot/share/rtabmap_webot/hook/pythonpath.ps1'
[13.597s] INFO:colcon.colcon_core.shell:Creating environment descriptor '/home/danny/ros2_ws/install/rtabmap_webot/share/rtabmap_webot/hook/pythonpath.dsv'
[13.598s] INFO:colcon.colcon_core.shell:Creating environment hook '/home/danny/ros2_ws/install/rtabmap_webot/share/rtabmap_webot/hook/pythonpath.sh'
[13.599s] Level 1:colcon.colcon_core.environment:checking '/home/danny/ros2_ws/install/rtabmap_webot/bin'
[13.599s] Level 1:colcon.colcon_core.environment:create_environment_scripts_only(rtabmap_webot)
[13.599s] INFO:colcon.colcon_core.shell:Creating package script '/home/danny/ros2_ws/install/rtabmap_webot/share/rtabmap_webot/package.ps1'
[13.601s] INFO:colcon.colcon_core.shell:Creating package descriptor '/home/danny/ros2_ws/install/rtabmap_webot/share/rtabmap_webot/package.dsv'
[13.601s] INFO:colcon.colcon_core.shell:Creating package script '/home/danny/ros2_ws/install/rtabmap_webot/share/rtabmap_webot/package.sh'
[13.602s] INFO:colcon.colcon_core.shell:Creating package script '/home/danny/ros2_ws/install/rtabmap_webot/share/rtabmap_webot/package.bash'
[13.603s] INFO:colcon.colcon_core.shell:Creating package script '/home/danny/ros2_ws/install/rtabmap_webot/share/rtabmap_webot/package.zsh'
[13.603s] Level 1:colcon.colcon_core.environment:create_file_with_runtime_dependencies(/home/danny/ros2_ws/install/rtabmap_webot/share/colcon-core/packages/rtabmap_webot)
[13.604s] DEBUG:colcon.colcon_parallel_executor.executor.parallel:closing loop
[13.605s] DEBUG:colcon.colcon_parallel_executor.executor.parallel:loop closed
[13.605s] DEBUG:colcon.colcon_parallel_executor.executor.parallel:run_until_complete finished with '0'
[13.605s] DEBUG:colcon.colcon_core.event_reactor:joining thread
[13.807s] INFO:colcon.colcon_core.plugin_system:Skipping extension 'colcon_notification.desktop_notification.notify_send': Could not find 'notify-send'
[13.807s] INFO:colcon.colcon_core.plugin_system:Skipping extension 'colcon_notification.desktop_notification.terminal_notifier': Not used on non-Darwin systems
[13.808s] INFO:colcon.colcon_core.plugin_system:Skipping extension 'colcon_notification.desktop_notification.win32': Not used on non-Windows systems
[13.808s] INFO:colcon.colcon_notification.desktop_notification:Sending desktop notification using 'notify2'
