/home/danny/ros2_ws/install/rtabmap_ntust/lib/python3.10/site-packages/rtabmap_ntust/buildings_marker.py
/home/danny/ros2_ws/install/rtabmap_ntust/lib/python3.10/site-packages/rtabmap_ntust/__init__.py
/home/danny/ros2_ws/install/rtabmap_ntust/lib/python3.10/site-packages/rtabmap_ntust/__pycache__/buildings_marker.cpython-310.pyc
/home/danny/ros2_ws/install/rtabmap_ntust/lib/python3.10/site-packages/rtabmap_ntust/__pycache__/__init__.cpython-310.pyc
/home/danny/ros2_ws/install/rtabmap_ntust/share/ament_index/resource_index/packages/rtabmap_ntust
/home/danny/ros2_ws/install/rtabmap_ntust/share/rtabmap_ntust/resource/./nav2_params_iron.yaml
/home/danny/ros2_ws/install/rtabmap_ntust/share/rtabmap_ntust/resource/./default.rviz
/home/danny/ros2_ws/install/rtabmap_ntust/share/rtabmap_ntust/resource/./tiago_bringup_webots.urdf
/home/danny/ros2_ws/install/rtabmap_ntust/share/rtabmap_ntust/resource/./tiago_webots.urdf
/home/danny/ros2_ws/install/rtabmap_ntust/share/rtabmap_ntust/resource/./nav2_params.yaml
/home/danny/ros2_ws/install/rtabmap_ntust/share/rtabmap_ntust/resource/./ros2_control.yml
/home/danny/ros2_ws/install/rtabmap_ntust/share/rtabmap_ntust/resource/./ros2_control_bringup.yml
/home/danny/ros2_ws/install/rtabmap_ntust/share/rtabmap_ntust/package.xml
/home/danny/ros2_ws/install/rtabmap_ntust/share/rtabmap_ntust/launch/rtabmap_launch.py
/home/danny/ros2_ws/install/rtabmap_ntust/share/rtabmap_ntust/worlds/NTUST_Map.wbt
/home/danny/ros2_ws/install/rtabmap_ntust/share/rtabmap_ntust/worlds/ntust_ros2.wbt
/home/danny/ros2_ws/install/rtabmap_ntust/lib/python3.10/site-packages/rtabmap_ntust-0.0.1-py3.10.egg-info/top_level.txt
/home/danny/ros2_ws/install/rtabmap_ntust/lib/python3.10/site-packages/rtabmap_ntust-0.0.1-py3.10.egg-info/dependency_links.txt
/home/danny/ros2_ws/install/rtabmap_ntust/lib/python3.10/site-packages/rtabmap_ntust-0.0.1-py3.10.egg-info/entry_points.txt
/home/danny/ros2_ws/install/rtabmap_ntust/lib/python3.10/site-packages/rtabmap_ntust-0.0.1-py3.10.egg-info/SOURCES.txt
/home/danny/ros2_ws/install/rtabmap_ntust/lib/python3.10/site-packages/rtabmap_ntust-0.0.1-py3.10.egg-info/requires.txt
/home/danny/ros2_ws/install/rtabmap_ntust/lib/python3.10/site-packages/rtabmap_ntust-0.0.1-py3.10.egg-info/PKG-INFO
/home/danny/ros2_ws/install/rtabmap_ntust/lib/python3.10/site-packages/rtabmap_ntust-0.0.1-py3.10.egg-info/zip-safe
/home/danny/ros2_ws/install/rtabmap_ntust/lib/rtabmap_webot/buildings_marker
