[3.963s] Invoking command in '/home/danny/ros2_ws/src/rtabmap_ntust': PYTHONPATH=/home/danny/ros2_ws/build/rtabmap_ntust/prefix_override:/usr/lib/python3/dist-packages/colcon_core/task/python/colcon_distutils_commands:/home/danny/ros2_ws/install/rtabmap_ntust/lib/python3.10/site-packages:${PYTHONPATH} /usr/bin/python3 -W ignore:setup.py install is deprecated -W ignore:easy_install command is deprecated setup.py egg_info --egg-base ../../build/rtabmap_ntust build --build-base /home/danny/ros2_ws/build/rtabmap_ntust/build install --record /home/danny/ros2_ws/build/rtabmap_ntust/install.log --single-version-externally-managed install_data
[5.017s] running egg_info
[5.073s] writing ../../build/rtabmap_ntust/rtabmap_ntust.egg-info/PKG-INFO
[5.073s] writing dependency_links to ../../build/rtabmap_ntust/rtabmap_ntust.egg-info/dependency_links.txt
[5.074s] writing entry points to ../../build/rtabmap_ntust/rtabmap_ntust.egg-info/entry_points.txt
[5.075s] writing requirements to ../../build/rtabmap_ntust/rtabmap_ntust.egg-info/requires.txt
[5.075s] writing top-level names to ../../build/rtabmap_ntust/rtabmap_ntust.egg-info/top_level.txt
[5.152s] reading manifest file '../../build/rtabmap_ntust/rtabmap_ntust.egg-info/SOURCES.txt'
[5.172s] adding license file 'LICENSE'
[5.174s] writing manifest file '../../build/rtabmap_ntust/rtabmap_ntust.egg-info/SOURCES.txt'
[5.174s] running build
[5.174s] running build_py
[5.175s] running install
[5.183s] running install_lib
[5.215s] running install_data
[5.216s] running install_egg_info
[5.256s] removing '/home/danny/ros2_ws/install/rtabmap_ntust/lib/python3.10/site-packages/rtabmap_ntust-0.0.1-py3.10.egg-info' (and everything under it)
[5.259s] Copying ../../build/rtabmap_ntust/rtabmap_ntust.egg-info to /home/danny/ros2_ws/install/rtabmap_ntust/lib/python3.10/site-packages/rtabmap_ntust-0.0.1-py3.10.egg-info
[5.280s] running install_scripts
[5.441s] Installing buildings_marker script to /home/danny/ros2_ws/install/rtabmap_ntust/lib/rtabmap_webot
[5.442s] writing list of installed files to '/home/danny/ros2_ws/build/rtabmap_ntust/install.log'
[5.530s] Invoked command in '/home/danny/ros2_ws/src/rtabmap_ntust' returned '0': PYTHONPATH=/home/danny/ros2_ws/build/rtabmap_ntust/prefix_override:/usr/lib/python3/dist-packages/colcon_core/task/python/colcon_distutils_commands:/home/danny/ros2_ws/install/rtabmap_ntust/lib/python3.10/site-packages:${PYTHONPATH} /usr/bin/python3 -W ignore:setup.py install is deprecated -W ignore:easy_install command is deprecated setup.py egg_info --egg-base ../../build/rtabmap_ntust build --build-base /home/danny/ros2_ws/build/rtabmap_ntust/build install --record /home/danny/ros2_ws/build/rtabmap_ntust/install.log --single-version-externally-managed install_data
