[1.368s] DEBUG:colcon:Command line arguments: ['/usr/bin/colcon', 'build']
[1.368s] DEBUG:colcon:Parsed command line arguments: Namespace(log_base=None, log_level=None, verb_name='build', build_base='build', install_base='install', merge_install=False, symlink_install=False, test_result_base=None, continue_on_error=False, executor='parallel', parallel_workers=8, event_handlers=None, ignore_user_meta=False, metas=['./colcon.meta'], base_paths=['.'], packages_ignore=None, packages_ignore_regex=None, paths=None, packages_up_to=None, packages_up_to_regex=None, packages_above=None, packages_above_and_dependencies=None, packages_above_depth=None, packages_select_by_dep=None, packages_skip_by_dep=None, packages_skip_up_to=None, packages_select_build_failed=False, packages_skip_build_finished=False, packages_select_test_failures=False, packages_skip_test_passed=False, packages_select=None, packages_skip=None, packages_select_regex=None, packages_skip_regex=None, packages_start=None, packages_end=None, allow_overriding=[], cmake_args=None, cmake_target=None, cmake_target_skip_unavailable=False, cmake_clean_cache=False, cmake_clean_first=False, cmake_force_configure=False, ament_cmake_args=None, catkin_cmake_args=None, catkin_skip_building_tests=False, mixin_files=None, mixin=None, verb_parser=<colcon_mixin.mixin.mixin_argument.MixinArgumentDecorator object at 0x7e5eb9f57ee0>, verb_extension=<colcon_core.verb.build.BuildVerb object at 0x7e5eba0a4e20>, main=<bound method BuildVerb.main of <colcon_core.verb.build.BuildVerb object at 0x7e5eba0a4e20>>, mixin_verb=('build',))
[4.940s] Level 1:colcon.colcon_core.package_discovery:discover_packages(colcon_meta) check parameters
[4.941s] Level 1:colcon.colcon_core.package_discovery:discover_packages(recursive) check parameters
[4.941s] Level 1:colcon.colcon_core.package_discovery:discover_packages(ignore) check parameters
[4.941s] Level 1:colcon.colcon_core.package_discovery:discover_packages(path) check parameters
[4.941s] Level 1:colcon.colcon_core.package_discovery:discover_packages(colcon_meta) discover
[4.941s] Level 1:colcon.colcon_core.package_discovery:discover_packages(recursive) discover
[4.941s] INFO:colcon.colcon_core.package_discovery:Crawling recursively for packages in '/home/danny/ros2_ws'
[4.941s] Level 1:colcon.colcon_core.package_identification:_identify(.) by extensions ['ignore', 'ignore_ament_install']
[4.941s] Level 1:colcon.colcon_core.package_identification:_identify(.) by extension 'ignore'
[4.942s] Level 1:colcon.colcon_core.package_identification:_identify(.) by extension 'ignore_ament_install'
[4.942s] Level 1:colcon.colcon_core.package_identification:_identify(.) by extensions ['colcon_pkg']
[4.942s] Level 1:colcon.colcon_core.package_identification:_identify(.) by extension 'colcon_pkg'
[4.942s] Level 1:colcon.colcon_core.package_identification:_identify(.) by extensions ['colcon_meta']
[4.942s] Level 1:colcon.colcon_core.package_identification:_identify(.) by extension 'colcon_meta'
[4.942s] Level 1:colcon.colcon_core.package_identification:_identify(.) by extensions ['ros']
[4.942s] Level 1:colcon.colcon_core.package_identification:_identify(.) by extension 'ros'
[4.977s] Level 1:colcon.colcon_core.package_identification:_identify(.) by extensions ['cmake', 'python']
[4.977s] Level 1:colcon.colcon_core.package_identification:_identify(.) by extension 'cmake'
[4.977s] Level 1:colcon.colcon_core.package_identification:_identify(.) by extension 'python'
[4.977s] Level 1:colcon.colcon_core.package_identification:_identify(.) by extensions ['python_setup_py']
[4.977s] Level 1:colcon.colcon_core.package_identification:_identify(.) by extension 'python_setup_py'
[4.978s] Level 1:colcon.colcon_core.package_identification:_identify(build) by extensions ['ignore', 'ignore_ament_install']
[4.978s] Level 1:colcon.colcon_core.package_identification:_identify(build) by extension 'ignore'
[4.978s] Level 1:colcon.colcon_core.package_identification:_identify(build) ignored
[4.978s] Level 1:colcon.colcon_core.package_identification:_identify(install) by extensions ['ignore', 'ignore_ament_install']
[4.979s] Level 1:colcon.colcon_core.package_identification:_identify(install) by extension 'ignore'
[4.979s] Level 1:colcon.colcon_core.package_identification:_identify(install) ignored
[4.979s] Level 1:colcon.colcon_core.package_identification:_identify(log) by extensions ['ignore', 'ignore_ament_install']
[4.979s] Level 1:colcon.colcon_core.package_identification:_identify(log) by extension 'ignore'
[4.979s] Level 1:colcon.colcon_core.package_identification:_identify(log) ignored
[4.979s] Level 1:colcon.colcon_core.package_identification:_identify(src) by extensions ['ignore', 'ignore_ament_install']
[4.979s] Level 1:colcon.colcon_core.package_identification:_identify(src) by extension 'ignore'
[4.980s] Level 1:colcon.colcon_core.package_identification:_identify(src) by extension 'ignore_ament_install'
[4.980s] Level 1:colcon.colcon_core.package_identification:_identify(src) by extensions ['colcon_pkg']
[4.980s] Level 1:colcon.colcon_core.package_identification:_identify(src) by extension 'colcon_pkg'
[4.980s] Level 1:colcon.colcon_core.package_identification:_identify(src) by extensions ['colcon_meta']
[4.980s] Level 1:colcon.colcon_core.package_identification:_identify(src) by extension 'colcon_meta'
[4.980s] Level 1:colcon.colcon_core.package_identification:_identify(src) by extensions ['ros']
[4.980s] Level 1:colcon.colcon_core.package_identification:_identify(src) by extension 'ros'
[4.980s] Level 1:colcon.colcon_core.package_identification:_identify(src) by extensions ['cmake', 'python']
[4.980s] Level 1:colcon.colcon_core.package_identification:_identify(src) by extension 'cmake'
[4.981s] Level 1:colcon.colcon_core.package_identification:_identify(src) by extension 'python'
[4.981s] Level 1:colcon.colcon_core.package_identification:_identify(src) by extensions ['python_setup_py']
[4.981s] Level 1:colcon.colcon_core.package_identification:_identify(src) by extension 'python_setup_py'
[4.981s] Level 1:colcon.colcon_core.package_identification:_identify(src/rtabmap_ntust) by extensions ['ignore', 'ignore_ament_install']
[4.981s] Level 1:colcon.colcon_core.package_identification:_identify(src/rtabmap_ntust) by extension 'ignore'
[4.981s] Level 1:colcon.colcon_core.package_identification:_identify(src/rtabmap_ntust) by extension 'ignore_ament_install'
[4.981s] Level 1:colcon.colcon_core.package_identification:_identify(src/rtabmap_ntust) by extensions ['colcon_pkg']
[4.981s] Level 1:colcon.colcon_core.package_identification:_identify(src/rtabmap_ntust) by extension 'colcon_pkg'
[4.981s] Level 1:colcon.colcon_core.package_identification:_identify(src/rtabmap_ntust) by extensions ['colcon_meta']
[4.981s] Level 1:colcon.colcon_core.package_identification:_identify(src/rtabmap_ntust) by extension 'colcon_meta'
[4.982s] Level 1:colcon.colcon_core.package_identification:_identify(src/rtabmap_ntust) by extensions ['ros']
[4.982s] Level 1:colcon.colcon_core.package_identification:_identify(src/rtabmap_ntust) by extension 'ros'
[5.018s] DEBUG:colcon.colcon_core.package_identification:Package 'src/rtabmap_ntust' with type 'ros.ament_python' and name 'rtabmap_ntust'
[5.018s] Level 1:colcon.colcon_core.package_identification:_identify(src/rtabmap_webot) by extensions ['ignore', 'ignore_ament_install']
[5.019s] Level 1:colcon.colcon_core.package_identification:_identify(src/rtabmap_webot) by extension 'ignore'
[5.019s] Level 1:colcon.colcon_core.package_identification:_identify(src/rtabmap_webot) by extension 'ignore_ament_install'
[5.019s] Level 1:colcon.colcon_core.package_identification:_identify(src/rtabmap_webot) by extensions ['colcon_pkg']
[5.019s] Level 1:colcon.colcon_core.package_identification:_identify(src/rtabmap_webot) by extension 'colcon_pkg'
[5.019s] Level 1:colcon.colcon_core.package_identification:_identify(src/rtabmap_webot) by extensions ['colcon_meta']
[5.019s] Level 1:colcon.colcon_core.package_identification:_identify(src/rtabmap_webot) by extension 'colcon_meta'
[5.019s] Level 1:colcon.colcon_core.package_identification:_identify(src/rtabmap_webot) by extensions ['ros']
[5.019s] Level 1:colcon.colcon_core.package_identification:_identify(src/rtabmap_webot) by extension 'ros'
[5.025s] DEBUG:colcon.colcon_core.package_identification:Package 'src/rtabmap_webot' with type 'ros.ament_python' and name 'rtabmap_webot'
[5.026s] Level 1:colcon.colcon_core.package_discovery:discover_packages(recursive) using defaults
[5.026s] Level 1:colcon.colcon_core.package_discovery:discover_packages(ignore) discover
[5.026s] Level 1:colcon.colcon_core.package_discovery:discover_packages(ignore) using defaults
[5.026s] Level 1:colcon.colcon_core.package_discovery:discover_packages(path) discover
[5.026s] Level 1:colcon.colcon_core.package_discovery:discover_packages(path) using defaults
[5.177s] Level 1:colcon.colcon_core.package_discovery:discover_packages(prefix_path) check parameters
[5.178s] Level 1:colcon.colcon_core.package_discovery:discover_packages(prefix_path) discover
[5.202s] DEBUG:colcon.colcon_installed_package_information.package_discovery:Found 1 installed packages in /home/danny/ros2_fast_lio/install
[5.202s] DEBUG:colcon.colcon_installed_package_information.package_discovery:Found 2 installed packages in /home/danny/ros2_ws/install
[5.203s] DEBUG:colcon.colcon_installed_package_information.package_discovery:Found 1 installed packages in /home/danny/ros2_slam_toolbox_ws/install
[5.205s] DEBUG:colcon.colcon_installed_package_information.package_discovery:Found 434 installed packages in /opt/ros/humble
[5.208s] Level 1:colcon.colcon_core.package_discovery:discover_packages(prefix_path) using defaults
[5.267s] Level 5:colcon.colcon_core.verb:set package 'rtabmap_ntust' build argument 'cmake_args' from command line to 'None'
[5.267s] Level 5:colcon.colcon_core.verb:set package 'rtabmap_ntust' build argument 'cmake_target' from command line to 'None'
[5.267s] Level 5:colcon.colcon_core.verb:set package 'rtabmap_ntust' build argument 'cmake_target_skip_unavailable' from command line to 'False'
[5.267s] Level 5:colcon.colcon_core.verb:set package 'rtabmap_ntust' build argument 'cmake_clean_cache' from command line to 'False'
[5.267s] Level 5:colcon.colcon_core.verb:set package 'rtabmap_ntust' build argument 'cmake_clean_first' from command line to 'False'
[5.267s] Level 5:colcon.colcon_core.verb:set package 'rtabmap_ntust' build argument 'cmake_force_configure' from command line to 'False'
[5.267s] Level 5:colcon.colcon_core.verb:set package 'rtabmap_ntust' build argument 'ament_cmake_args' from command line to 'None'
[5.267s] Level 5:colcon.colcon_core.verb:set package 'rtabmap_ntust' build argument 'catkin_cmake_args' from command line to 'None'
[5.267s] Level 5:colcon.colcon_core.verb:set package 'rtabmap_ntust' build argument 'catkin_skip_building_tests' from command line to 'False'
[5.268s] DEBUG:colcon.colcon_core.verb:Building package 'rtabmap_ntust' with the following arguments: {'ament_cmake_args': None, 'build_base': '/home/danny/ros2_ws/build/rtabmap_ntust', 'catkin_cmake_args': None, 'catkin_skip_building_tests': False, 'cmake_args': None, 'cmake_clean_cache': False, 'cmake_clean_first': False, 'cmake_force_configure': False, 'cmake_target': None, 'cmake_target_skip_unavailable': False, 'install_base': '/home/danny/ros2_ws/install/rtabmap_ntust', 'merge_install': False, 'path': '/home/danny/ros2_ws/src/rtabmap_ntust', 'symlink_install': False, 'test_result_base': None}
[5.268s] Level 5:colcon.colcon_core.verb:set package 'rtabmap_webot' build argument 'cmake_args' from command line to 'None'
[5.268s] Level 5:colcon.colcon_core.verb:set package 'rtabmap_webot' build argument 'cmake_target' from command line to 'None'
[5.268s] Level 5:colcon.colcon_core.verb:set package 'rtabmap_webot' build argument 'cmake_target_skip_unavailable' from command line to 'False'
[5.268s] Level 5:colcon.colcon_core.verb:set package 'rtabmap_webot' build argument 'cmake_clean_cache' from command line to 'False'
[5.268s] Level 5:colcon.colcon_core.verb:set package 'rtabmap_webot' build argument 'cmake_clean_first' from command line to 'False'
[5.268s] Level 5:colcon.colcon_core.verb:set package 'rtabmap_webot' build argument 'cmake_force_configure' from command line to 'False'
[5.269s] Level 5:colcon.colcon_core.verb:set package 'rtabmap_webot' build argument 'ament_cmake_args' from command line to 'None'
[5.269s] Level 5:colcon.colcon_core.verb:set package 'rtabmap_webot' build argument 'catkin_cmake_args' from command line to 'None'
[5.269s] Level 5:colcon.colcon_core.verb:set package 'rtabmap_webot' build argument 'catkin_skip_building_tests' from command line to 'False'
[5.269s] DEBUG:colcon.colcon_core.verb:Building package 'rtabmap_webot' with the following arguments: {'ament_cmake_args': None, 'build_base': '/home/danny/ros2_ws/build/rtabmap_webot', 'catkin_cmake_args': None, 'catkin_skip_building_tests': False, 'cmake_args': None, 'cmake_clean_cache': False, 'cmake_clean_first': False, 'cmake_force_configure': False, 'cmake_target': None, 'cmake_target_skip_unavailable': False, 'install_base': '/home/danny/ros2_ws/install/rtabmap_webot', 'merge_install': False, 'path': '/home/danny/ros2_ws/src/rtabmap_webot', 'symlink_install': False, 'test_result_base': None}
[5.269s] INFO:colcon.colcon_core.executor:Executing jobs using 'parallel' executor
[5.271s] DEBUG:colcon.colcon_parallel_executor.executor.parallel:run_until_complete
[5.271s] INFO:colcon.colcon_ros.task.ament_python.build:Building ROS package in '/home/danny/ros2_ws/src/rtabmap_ntust' with build type 'ament_python'
[5.271s] Level 1:colcon.colcon_core.shell:create_environment_hook('rtabmap_ntust', 'ament_prefix_path')
[5.292s] INFO:colcon.colcon_core.plugin_system:Skipping extension 'colcon_core.shell.bat': Not used on non-Windows systems
[5.292s] INFO:colcon.colcon_core.shell:Creating environment hook '/home/danny/ros2_ws/install/rtabmap_ntust/share/rtabmap_ntust/hook/ament_prefix_path.ps1'
[5.313s] INFO:colcon.colcon_core.shell:Creating environment descriptor '/home/danny/ros2_ws/install/rtabmap_ntust/share/rtabmap_ntust/hook/ament_prefix_path.dsv'
[5.324s] INFO:colcon.colcon_core.shell:Creating environment hook '/home/danny/ros2_ws/install/rtabmap_ntust/share/rtabmap_ntust/hook/ament_prefix_path.sh'
[5.326s] INFO:colcon.colcon_core.shell:Skip shell extension 'powershell' for command environment: Not usable outside of PowerShell
[5.326s] DEBUG:colcon.colcon_core.shell:Skip shell extension 'dsv' for command environment
[5.332s] INFO:colcon.colcon_ros.task.ament_python.build:Building ROS package in '/home/danny/ros2_ws/src/rtabmap_webot' with build type 'ament_python'
[5.332s] Level 1:colcon.colcon_core.shell:create_environment_hook('rtabmap_webot', 'ament_prefix_path')
[5.333s] INFO:colcon.colcon_core.shell:Creating environment hook '/home/danny/ros2_ws/install/rtabmap_webot/share/rtabmap_webot/hook/ament_prefix_path.ps1'
[5.334s] INFO:colcon.colcon_core.shell:Creating environment descriptor '/home/danny/ros2_ws/install/rtabmap_webot/share/rtabmap_webot/hook/ament_prefix_path.dsv'
[5.335s] INFO:colcon.colcon_core.shell:Creating environment hook '/home/danny/ros2_ws/install/rtabmap_webot/share/rtabmap_webot/hook/ament_prefix_path.sh'
[5.336s] INFO:colcon.colcon_core.shell:Skip shell extension 'powershell' for command environment: Not usable outside of PowerShell
[5.337s] DEBUG:colcon.colcon_core.shell:Skip shell extension 'dsv' for command environment
[5.891s] INFO:colcon.colcon_core.task.python.build:Building Python package in '/home/danny/ros2_ws/src/rtabmap_ntust'
[5.891s] INFO:colcon.colcon_core.shell:Skip shell extension 'powershell' for command environment: Not usable outside of PowerShell
[5.891s] DEBUG:colcon.colcon_core.shell:Skip shell extension 'dsv' for command environment
[6.404s] INFO:colcon.colcon_core.task.python.build:Building Python package in '/home/danny/ros2_ws/src/rtabmap_webot'
[6.405s] INFO:colcon.colcon_core.shell:Skip shell extension 'powershell' for command environment: Not usable outside of PowerShell
[6.405s] DEBUG:colcon.colcon_core.shell:Skip shell extension 'dsv' for command environment
[8.160s] DEBUG:colcon.colcon_core.event_handler.log_command:Invoking command in '/home/danny/ros2_ws/src/rtabmap_webot': PYTHONPATH=/home/danny/ros2_ws/build/rtabmap_webot/prefix_override:/usr/lib/python3/dist-packages/colcon_core/task/python/colcon_distutils_commands:/home/danny/ros2_ws/install/rtabmap_webot/lib/python3.10/site-packages:${PYTHONPATH} /usr/bin/python3 -W ignore:setup.py install is deprecated -W ignore:easy_install command is deprecated setup.py egg_info --egg-base ../../build/rtabmap_webot build --build-base /home/danny/ros2_ws/build/rtabmap_webot/build install --record /home/danny/ros2_ws/build/rtabmap_webot/install.log --single-version-externally-managed install_data
[8.173s] DEBUG:colcon.colcon_core.event_handler.log_command:Invoking command in '/home/danny/ros2_ws/src/rtabmap_ntust': PYTHONPATH=/home/danny/ros2_ws/build/rtabmap_ntust/prefix_override:/usr/lib/python3/dist-packages/colcon_core/task/python/colcon_distutils_commands:/home/danny/ros2_ws/install/rtabmap_ntust/lib/python3.10/site-packages:${PYTHONPATH} /usr/bin/python3 -W ignore:setup.py install is deprecated -W ignore:easy_install command is deprecated setup.py egg_info --egg-base ../../build/rtabmap_ntust build --build-base /home/danny/ros2_ws/build/rtabmap_ntust/build install --record /home/danny/ros2_ws/build/rtabmap_ntust/install.log --single-version-externally-managed install_data
[9.171s] DEBUG:colcon.colcon_core.event_handler.log_command:Invoked command in '/home/danny/ros2_ws/src/rtabmap_webot' returned '0': PYTHONPATH=/home/danny/ros2_ws/build/rtabmap_webot/prefix_override:/usr/lib/python3/dist-packages/colcon_core/task/python/colcon_distutils_commands:/home/danny/ros2_ws/install/rtabmap_webot/lib/python3.10/site-packages:${PYTHONPATH} /usr/bin/python3 -W ignore:setup.py install is deprecated -W ignore:easy_install command is deprecated setup.py egg_info --egg-base ../../build/rtabmap_webot build --build-base /home/danny/ros2_ws/build/rtabmap_webot/build install --record /home/danny/ros2_ws/build/rtabmap_webot/install.log --single-version-externally-managed install_data
[9.217s] Level 1:colcon.colcon_core.environment:checking '/home/danny/ros2_ws/install/rtabmap_webot' for CMake module files
[9.217s] Level 1:colcon.colcon_core.environment:checking '/home/danny/ros2_ws/install/rtabmap_webot' for CMake config files
[9.220s] Level 1:colcon.colcon_core.environment:checking '/home/danny/ros2_ws/install/rtabmap_webot/lib'
[9.221s] Level 1:colcon.colcon_core.environment:checking '/home/danny/ros2_ws/install/rtabmap_webot/bin'
[9.221s] Level 1:colcon.colcon_core.environment:checking '/home/danny/ros2_ws/install/rtabmap_webot/lib/pkgconfig/rtabmap_webot.pc'
[9.221s] Level 1:colcon.colcon_core.environment:checking '/home/danny/ros2_ws/install/rtabmap_webot/lib/python3.10/site-packages'
[9.221s] Level 1:colcon.colcon_core.shell:create_environment_hook('rtabmap_webot', 'pythonpath')
[9.222s] INFO:colcon.colcon_core.shell:Creating environment hook '/home/danny/ros2_ws/install/rtabmap_webot/share/rtabmap_webot/hook/pythonpath.ps1'
[9.222s] INFO:colcon.colcon_core.shell:Creating environment descriptor '/home/danny/ros2_ws/install/rtabmap_webot/share/rtabmap_webot/hook/pythonpath.dsv'
[9.223s] INFO:colcon.colcon_core.shell:Creating environment hook '/home/danny/ros2_ws/install/rtabmap_webot/share/rtabmap_webot/hook/pythonpath.sh'
[9.224s] Level 1:colcon.colcon_core.environment:checking '/home/danny/ros2_ws/install/rtabmap_webot/bin'
[9.224s] Level 1:colcon.colcon_core.environment:create_environment_scripts_only(rtabmap_webot)
[9.225s] INFO:colcon.colcon_core.shell:Creating package script '/home/danny/ros2_ws/install/rtabmap_webot/share/rtabmap_webot/package.ps1'
[9.238s] INFO:colcon.colcon_core.shell:Creating package descriptor '/home/danny/ros2_ws/install/rtabmap_webot/share/rtabmap_webot/package.dsv'
[9.249s] INFO:colcon.colcon_core.shell:Creating package script '/home/danny/ros2_ws/install/rtabmap_webot/share/rtabmap_webot/package.sh'
[9.251s] INFO:colcon.colcon_core.shell:Creating package script '/home/danny/ros2_ws/install/rtabmap_webot/share/rtabmap_webot/package.bash'
[9.256s] INFO:colcon.colcon_core.shell:Creating package script '/home/danny/ros2_ws/install/rtabmap_webot/share/rtabmap_webot/package.zsh'
[9.267s] Level 1:colcon.colcon_core.environment:create_file_with_runtime_dependencies(/home/danny/ros2_ws/install/rtabmap_webot/share/colcon-core/packages/rtabmap_webot)
[9.270s] Level 1:colcon.colcon_core.environment:checking '/home/danny/ros2_ws/install/rtabmap_ntust' for CMake module files
[9.271s] DEBUG:colcon.colcon_core.event_handler.log_command:Invoked command in '/home/danny/ros2_ws/src/rtabmap_ntust' returned '0': PYTHONPATH=/home/danny/ros2_ws/build/rtabmap_ntust/prefix_override:/usr/lib/python3/dist-packages/colcon_core/task/python/colcon_distutils_commands:/home/danny/ros2_ws/install/rtabmap_ntust/lib/python3.10/site-packages:${PYTHONPATH} /usr/bin/python3 -W ignore:setup.py install is deprecated -W ignore:easy_install command is deprecated setup.py egg_info --egg-base ../../build/rtabmap_ntust build --build-base /home/danny/ros2_ws/build/rtabmap_ntust/build install --record /home/danny/ros2_ws/build/rtabmap_ntust/install.log --single-version-externally-managed install_data
[9.272s] Level 1:colcon.colcon_core.environment:checking '/home/danny/ros2_ws/install/rtabmap_ntust' for CMake config files
[9.273s] Level 1:colcon.colcon_core.environment:checking '/home/danny/ros2_ws/install/rtabmap_ntust/lib'
[9.273s] Level 1:colcon.colcon_core.environment:checking '/home/danny/ros2_ws/install/rtabmap_ntust/bin'
[9.273s] Level 1:colcon.colcon_core.environment:checking '/home/danny/ros2_ws/install/rtabmap_ntust/lib/pkgconfig/rtabmap_ntust.pc'
[9.273s] Level 1:colcon.colcon_core.environment:checking '/home/danny/ros2_ws/install/rtabmap_ntust/lib/python3.10/site-packages'
[9.273s] Level 1:colcon.colcon_core.shell:create_environment_hook('rtabmap_ntust', 'pythonpath')
[9.274s] INFO:colcon.colcon_core.shell:Creating environment hook '/home/danny/ros2_ws/install/rtabmap_ntust/share/rtabmap_ntust/hook/pythonpath.ps1'
[9.274s] INFO:colcon.colcon_core.shell:Creating environment descriptor '/home/danny/ros2_ws/install/rtabmap_ntust/share/rtabmap_ntust/hook/pythonpath.dsv'
[9.275s] INFO:colcon.colcon_core.shell:Creating environment hook '/home/danny/ros2_ws/install/rtabmap_ntust/share/rtabmap_ntust/hook/pythonpath.sh'
[9.276s] Level 1:colcon.colcon_core.environment:checking '/home/danny/ros2_ws/install/rtabmap_ntust/bin'
[9.276s] Level 1:colcon.colcon_core.environment:create_environment_scripts_only(rtabmap_ntust)
[9.277s] INFO:colcon.colcon_core.shell:Creating package script '/home/danny/ros2_ws/install/rtabmap_ntust/share/rtabmap_ntust/package.ps1'
[9.278s] INFO:colcon.colcon_core.shell:Creating package descriptor '/home/danny/ros2_ws/install/rtabmap_ntust/share/rtabmap_ntust/package.dsv'
[9.278s] INFO:colcon.colcon_core.shell:Creating package script '/home/danny/ros2_ws/install/rtabmap_ntust/share/rtabmap_ntust/package.sh'
[9.279s] INFO:colcon.colcon_core.shell:Creating package script '/home/danny/ros2_ws/install/rtabmap_ntust/share/rtabmap_ntust/package.bash'
[9.280s] INFO:colcon.colcon_core.shell:Creating package script '/home/danny/ros2_ws/install/rtabmap_ntust/share/rtabmap_ntust/package.zsh'
[9.280s] Level 1:colcon.colcon_core.environment:create_file_with_runtime_dependencies(/home/danny/ros2_ws/install/rtabmap_ntust/share/colcon-core/packages/rtabmap_ntust)
[9.281s] DEBUG:colcon.colcon_parallel_executor.executor.parallel:closing loop
[9.282s] DEBUG:colcon.colcon_parallel_executor.executor.parallel:loop closed
[9.283s] DEBUG:colcon.colcon_parallel_executor.executor.parallel:run_until_complete finished with '0'
[9.283s] DEBUG:colcon.colcon_core.event_reactor:joining thread
[9.398s] INFO:colcon.colcon_core.plugin_system:Skipping extension 'colcon_notification.desktop_notification.notify_send': Could not find 'notify-send'
[9.398s] INFO:colcon.colcon_core.plugin_system:Skipping extension 'colcon_notification.desktop_notification.terminal_notifier': Not used on non-Darwin systems
[9.398s] INFO:colcon.colcon_core.plugin_system:Skipping extension 'colcon_notification.desktop_notification.win32': Not used on non-Windows systems
[9.399s] INFO:colcon.colcon_notification.desktop_notification:Sending desktop notification using 'notify2'
[9.538s] DEBUG:colcon.colcon_notification.desktop_notification.notify2:Failed to initialize notify2: org.freedesktop.DBus.Error.ServiceUnknown: The name org.freedesktop.Notifications was not provided by any .service files
[9.538s] DEBUG:colcon.colcon_core.event_reactor:joined thread
[9.539s] INFO:colcon.colcon_core.shell:Creating prefix script '/home/danny/ros2_ws/install/local_setup.ps1'
[9.541s] INFO:colcon.colcon_core.shell:Creating prefix util module '/home/danny/ros2_ws/install/_local_setup_util_ps1.py'
[9.543s] INFO:colcon.colcon_core.shell:Creating prefix chain script '/home/danny/ros2_ws/install/setup.ps1'
[9.545s] INFO:colcon.colcon_core.shell:Creating prefix script '/home/danny/ros2_ws/install/local_setup.sh'
[9.546s] INFO:colcon.colcon_core.shell:Creating prefix util module '/home/danny/ros2_ws/install/_local_setup_util_sh.py'
[9.546s] INFO:colcon.colcon_core.shell:Creating prefix chain script '/home/danny/ros2_ws/install/setup.sh'
[9.548s] INFO:colcon.colcon_core.shell:Creating prefix script '/home/danny/ros2_ws/install/local_setup.bash'
[9.549s] INFO:colcon.colcon_core.shell:Creating prefix chain script '/home/danny/ros2_ws/install/setup.bash'
[9.551s] INFO:colcon.colcon_core.shell:Creating prefix script '/home/danny/ros2_ws/install/local_setup.zsh'
[9.552s] INFO:colcon.colcon_core.shell:Creating prefix chain script '/home/danny/ros2_ws/install/setup.zsh'
