-- The C compiler identification is GNU 11.4.0
-- The CXX compiler identification is GNU 11.4.0
-- Detecting C compiler ABI info
-- Detecting C compiler ABI info - done
-- Check for working C compiler: /usr/bin/cc - skipped
-- Detecting C compile features
-- Detecting C compile features - done
-- Detecting CXX compiler ABI info
-- Detecting CXX compiler ABI info - done
-- Check for working CXX compiler: /usr/bin/c++ - skipped
-- Detecting CXX compile features
-- Detecting CXX compile features - done
-- Found ament_cmake: 1.3.12 (/opt/ros/humble/share/ament_cmake/cmake)
-- Found Python3: /usr/bin/python3 (found version "3.10.12") found components: Interpreter 
-- Found ament_lint_auto: 0.12.14 (/opt/ros/humble/share/ament_lint_auto/cmake)
-- Added test 'cppcheck' to perform static code analysis on C / C++ code
-- Configured cppcheck include dirs: $<BUILD_INTERFACE:/home/danny/ros2_ws/src/Danny_pkg/include>
-- Configured cppcheck exclude dirs and/or files: 
-- Added test 'lint_cmake' to check CMake code style
-- Added test 'uncrustify' to check C / C++ code style
-- Configured uncrustify additional arguments: 
-- Added test 'xmllint' to check XML markup files
-- Configuring done
-- Generating done
-- Build files have been written to: /home/danny/ros2_ws/build/Danny_pkg
[ 50%] [32mBuilding CXX object CMakeFiles/Danny_node.dir/src/Danny_node.cpp.o[0m
[100%] [32m[1mLinking CXX executable Danny_node[0m
[100%] Built target Danny_node
-- Install configuration: ""
-- Installing: /home/danny/ros2_ws/install/Danny_pkg/lib/Danny_pkg/Danny_node
-- Installing: /home/danny/ros2_ws/install/Danny_pkg/share/ament_index/resource_index/package_run_dependencies/Danny_pkg
-- Installing: /home/danny/ros2_ws/install/Danny_pkg/share/ament_index/resource_index/parent_prefix_path/Danny_pkg
-- Installing: /home/danny/ros2_ws/install/Danny_pkg/share/Danny_pkg/environment/ament_prefix_path.sh
-- Installing: /home/danny/ros2_ws/install/Danny_pkg/share/Danny_pkg/environment/ament_prefix_path.dsv
-- Installing: /home/danny/ros2_ws/install/Danny_pkg/share/Danny_pkg/environment/path.sh
-- Installing: /home/danny/ros2_ws/install/Danny_pkg/share/Danny_pkg/environment/path.dsv
-- Installing: /home/danny/ros2_ws/install/Danny_pkg/share/Danny_pkg/local_setup.bash
-- Installing: /home/danny/ros2_ws/install/Danny_pkg/share/Danny_pkg/local_setup.sh
-- Installing: /home/danny/ros2_ws/install/Danny_pkg/share/Danny_pkg/local_setup.zsh
-- Installing: /home/danny/ros2_ws/install/Danny_pkg/share/Danny_pkg/local_setup.dsv
-- Installing: /home/danny/ros2_ws/install/Danny_pkg/share/Danny_pkg/package.dsv
-- Installing: /home/danny/ros2_ws/install/Danny_pkg/share/ament_index/resource_index/packages/Danny_pkg
-- Installing: /home/danny/ros2_ws/install/Danny_pkg/share/Danny_pkg/cmake/Danny_pkgConfig.cmake
-- Installing: /home/danny/ros2_ws/install/Danny_pkg/share/Danny_pkg/cmake/Danny_pkgConfig-version.cmake
-- Installing: /home/danny/ros2_ws/install/Danny_pkg/share/Danny_pkg/package.xml
