[0.020s] Invoking command in '/home/danny/ros2_ws/build/Danny_pkg': CMAKE_PREFIX_PATH=${CMAKE_PREFIX_PATH}:/opt/ros/humble /usr/bin/cmake /home/danny/ros2_ws/src/Danny_pkg -DCMAKE_INSTALL_PREFIX=/home/danny/ros2_ws/install/Danny_pkg
[0.199s] -- The C compiler identification is GNU 11.4.0
[0.728s] -- The CXX compiler identification is GNU 11.4.0
[1.065s] -- Detecting C compiler ABI info
[1.257s] -- Detecting C compiler ABI info - done
[1.268s] -- Check for working C compiler: /usr/bin/cc - skipped
[1.269s] -- Detecting C compile features
[1.272s] -- Detecting C compile features - done
[1.275s] -- Detecting CXX compiler ABI info
[1.445s] -- Detecting CXX compiler ABI info - done
[1.453s] -- Check for working CXX compiler: /usr/bin/c++ - skipped
[1.453s] -- Detecting CXX compile features
[1.454s] -- Detecting CXX compile features - done
[1.463s] -- Found ament_cmake: 1.3.12 (/opt/ros/humble/share/ament_cmake/cmake)
[1.636s] -- Found Python3: /usr/bin/python3 (found version "3.10.12") found components: Interpreter 
[1.812s] -- Found ament_lint_auto: 0.12.14 (/opt/ros/humble/share/ament_lint_auto/cmake)
[1.886s] WARNING: Package name "Danny_pkg" does not follow the naming conventions. It should start with a lower case letter and only contain lower case letters, digits, underscores, and dashes.
[1.959s] -- Added test 'cppcheck' to perform static code analysis on C / C++ code
[1.959s] -- Configured cppcheck include dirs: $<BUILD_INTERFACE:/home/danny/ros2_ws/src/Danny_pkg/include>
[1.959s] -- Configured cppcheck exclude dirs and/or files: 
[1.961s] -- Added test 'lint_cmake' to check CMake code style
[1.964s] -- Added test 'uncrustify' to check C / C++ code style
[1.964s] -- Configured uncrustify additional arguments: 
[1.968s] -- Added test 'xmllint' to check XML markup files
[1.970s] -- Configuring done
[1.981s] -- Generating done
[1.984s] -- Build files have been written to: /home/danny/ros2_ws/build/Danny_pkg
[1.988s] Invoked command in '/home/danny/ros2_ws/build/Danny_pkg' returned '0': CMAKE_PREFIX_PATH=${CMAKE_PREFIX_PATH}:/opt/ros/humble /usr/bin/cmake /home/danny/ros2_ws/src/Danny_pkg -DCMAKE_INSTALL_PREFIX=/home/danny/ros2_ws/install/Danny_pkg
[1.991s] Invoking command in '/home/danny/ros2_ws/build/Danny_pkg': CMAKE_PREFIX_PATH=${CMAKE_PREFIX_PATH}:/opt/ros/humble /usr/bin/cmake --build /home/danny/ros2_ws/build/Danny_pkg -- -j8 -l8
[2.039s] [ 50%] [32mBuilding CXX object CMakeFiles/Danny_node.dir/src/Danny_node.cpp.o[0m
[2.067s] [100%] [32m[1mLinking CXX executable Danny_node[0m
[2.198s] [100%] Built target Danny_node
[2.209s] Invoked command in '/home/danny/ros2_ws/build/Danny_pkg' returned '0': CMAKE_PREFIX_PATH=${CMAKE_PREFIX_PATH}:/opt/ros/humble /usr/bin/cmake --build /home/danny/ros2_ws/build/Danny_pkg -- -j8 -l8
[2.221s] Invoking command in '/home/danny/ros2_ws/build/Danny_pkg': CMAKE_PREFIX_PATH=${CMAKE_PREFIX_PATH}:/opt/ros/humble /usr/bin/cmake --install /home/danny/ros2_ws/build/Danny_pkg
[2.230s] -- Install configuration: ""
[2.231s] -- Installing: /home/danny/ros2_ws/install/Danny_pkg/lib/Danny_pkg/Danny_node
[2.232s] -- Installing: /home/danny/ros2_ws/install/Danny_pkg/share/ament_index/resource_index/package_run_dependencies/Danny_pkg
[2.232s] -- Installing: /home/danny/ros2_ws/install/Danny_pkg/share/ament_index/resource_index/parent_prefix_path/Danny_pkg
[2.232s] -- Installing: /home/danny/ros2_ws/install/Danny_pkg/share/Danny_pkg/environment/ament_prefix_path.sh
[2.232s] -- Installing: /home/danny/ros2_ws/install/Danny_pkg/share/Danny_pkg/environment/ament_prefix_path.dsv
[2.232s] -- Installing: /home/danny/ros2_ws/install/Danny_pkg/share/Danny_pkg/environment/path.sh
[2.233s] -- Installing: /home/danny/ros2_ws/install/Danny_pkg/share/Danny_pkg/environment/path.dsv
[2.233s] -- Installing: /home/danny/ros2_ws/install/Danny_pkg/share/Danny_pkg/local_setup.bash
[2.233s] -- Installing: /home/danny/ros2_ws/install/Danny_pkg/share/Danny_pkg/local_setup.sh
[2.233s] -- Installing: /home/danny/ros2_ws/install/Danny_pkg/share/Danny_pkg/local_setup.zsh
[2.233s] -- Installing: /home/danny/ros2_ws/install/Danny_pkg/share/Danny_pkg/local_setup.dsv
[2.234s] -- Installing: /home/danny/ros2_ws/install/Danny_pkg/share/Danny_pkg/package.dsv
[2.234s] -- Installing: /home/danny/ros2_ws/install/Danny_pkg/share/ament_index/resource_index/packages/Danny_pkg
[2.234s] -- Installing: /home/danny/ros2_ws/install/Danny_pkg/share/Danny_pkg/cmake/Danny_pkgConfig.cmake
[2.234s] -- Installing: /home/danny/ros2_ws/install/Danny_pkg/share/Danny_pkg/cmake/Danny_pkgConfig-version.cmake
[2.234s] -- Installing: /home/danny/ros2_ws/install/Danny_pkg/share/Danny_pkg/package.xml
[2.252s] Invoked command in '/home/danny/ros2_ws/build/Danny_pkg' returned '0': CMAKE_PREFIX_PATH=${CMAKE_PREFIX_PATH}:/opt/ros/humble /usr/bin/cmake --install /home/danny/ros2_ws/build/Danny_pkg
