[2.619s] Invoking command in '/home/danny/ros2_ws/src/rtabmap_webot': PYTHONPATH=/home/danny/ros2_ws/build/rtabmap_webot/prefix_override:/usr/lib/python3/dist-packages/colcon_core/task/python/colcon_distutils_commands:/home/danny/ros2_ws/install/rtabmap_webot/lib/python3.10/site-packages:${PYTHONPATH} /usr/bin/python3 -W ignore:setup.py install is deprecated -W ignore:easy_install command is deprecated setup.py egg_info --egg-base ../../build/rtabmap_webot build --build-base /home/danny/ros2_ws/build/rtabmap_webot/build install --record /home/danny/ros2_ws/build/rtabmap_webot/install.log --single-version-externally-managed install_data
[3.177s] running egg_info
[3.211s] writing ../../build/rtabmap_webot/rtabmap_webot.egg-info/PKG-INFO
[3.211s] writing dependency_links to ../../build/rtabmap_webot/rtabmap_webot.egg-info/dependency_links.txt
[3.212s] writing entry points to ../../build/rtabmap_webot/rtabmap_webot.egg-info/entry_points.txt
[3.212s] writing requirements to ../../build/rtabmap_webot/rtabmap_webot.egg-info/requires.txt
[3.213s] writing top-level names to ../../build/rtabmap_webot/rtabmap_webot.egg-info/top_level.txt
[3.275s] reading manifest file '../../build/rtabmap_webot/rtabmap_webot.egg-info/SOURCES.txt'
[3.294s] adding license file 'LICENSE'
[3.295s] writing manifest file '../../build/rtabmap_webot/rtabmap_webot.egg-info/SOURCES.txt'
[3.295s] running build
[3.295s] running build_py
[3.295s] running install
[3.301s] running install_lib
[3.338s] running install_data
[3.339s] copying launch/rtabmap_launch.py -> /home/danny/ros2_ws/install/rtabmap_webot/share/rtabmap_webot/launch
[3.368s] running install_egg_info
[3.390s] removing '/home/danny/ros2_ws/install/rtabmap_webot/lib/python3.10/site-packages/rtabmap_webot-0.0.1-py3.10.egg-info' (and everything under it)
[3.391s] Copying ../../build/rtabmap_webot/rtabmap_webot.egg-info to /home/danny/ros2_ws/install/rtabmap_webot/lib/python3.10/site-packages/rtabmap_webot-0.0.1-py3.10.egg-info
[3.406s] running install_scripts
[3.496s] Installing buildings_marker script to /home/danny/ros2_ws/install/rtabmap_webot/lib/rtabmap_webot
[3.497s] writing list of installed files to '/home/danny/ros2_ws/build/rtabmap_webot/install.log'
[3.549s] Invoked command in '/home/danny/ros2_ws/src/rtabmap_webot' returned '0': PYTHONPATH=/home/danny/ros2_ws/build/rtabmap_webot/prefix_override:/usr/lib/python3/dist-packages/colcon_core/task/python/colcon_distutils_commands:/home/danny/ros2_ws/install/rtabmap_webot/lib/python3.10/site-packages:${PYTHONPATH} /usr/bin/python3 -W ignore:setup.py install is deprecated -W ignore:easy_install command is deprecated setup.py egg_info --egg-base ../../build/rtabmap_webot build --build-base /home/danny/ros2_ws/build/rtabmap_webot/build install --record /home/danny/ros2_ws/build/rtabmap_webot/install.log --single-version-externally-managed install_data
