[0.056s] Invoking command in '/home/danny/ros2_ws/build/turtlesim': CMAKE_PREFIX_PATH=${CMAKE_PREFIX_PATH}:/opt/ros/humble /usr/bin/cmake /home/danny/ros2_ws/src/ros_tutorials/turtlesim -DCMAKE_INSTALL_PREFIX=/home/danny/ros2_ws/install/turtlesim
[0.955s] -- Found ament_cmake: 1.3.12 (/opt/ros/humble/share/ament_cmake/cmake)
[1.282s] -- Override CMake install command with custom implementation using symlinks instead of copying resources
[1.603s] -- Found ament_index_cpp: 1.4.0 (/opt/ros/humble/share/ament_index_cpp/cmake)
[1.625s] -- Found geometry_msgs: 4.9.0 (/opt/ros/humble/share/geometry_msgs/cmake)
[2.175s] -- Found rosidl_generator_c: 3.1.7 (/opt/ros/humble/share/rosidl_generator_c/cmake)
[2.216s] -- Found rosidl_adapter: 3.1.7 (/opt/ros/humble/share/rosidl_adapter/cmake)
[2.271s] -- Found rosidl_generator_cpp: 3.1.7 (/opt/ros/humble/share/rosidl_generator_cpp/cmake)
[2.323s] -- Using all available rosidl_typesupport_c: rosidl_typesupport_fastrtps_c;rosidl_typesupport_introspection_c
[2.419s] -- Using all available rosidl_typesupport_cpp: rosidl_typesupport_fastrtps_cpp;rosidl_typesupport_introspection_cpp
[2.863s] -- Found rclcpp: 16.0.14 (/opt/ros/humble/share/rclcpp/cmake)
[3.072s] -- Found rmw_implementation_cmake: 6.1.2 (/opt/ros/humble/share/rmw_implementation_cmake/cmake)
[3.085s] -- Found rmw_fastrtps_cpp: 6.2.8 (/opt/ros/humble/share/rmw_fastrtps_cpp/cmake)
[8.280s] -- Using RMW implementation 'rmw_fastrtps_cpp' as default
[8.533s] -- Found rclcpp_action: 16.0.14 (/opt/ros/humble/share/rclcpp_action/cmake)
[8.660s] -- Found rosidl_default_generators: 1.2.0 (/opt/ros/humble/share/rosidl_default_generators/cmake)
[8.701s] -- Found std_srvs: 4.9.0 (/opt/ros/humble/share/std_srvs/cmake)
[9.262s] -- Found ament_cmake_ros: 0.10.0 (/opt/ros/humble/share/ament_cmake_ros/cmake)
[9.847s] -- Using all available rosidl_typesupport_c: rosidl_typesupport_fastrtps_c;rosidl_typesupport_introspection_c
[10.018s] -- Using all available rosidl_typesupport_cpp: rosidl_typesupport_fastrtps_cpp;rosidl_typesupport_introspection_cpp
[10.067s] -- Found python_cmake_module: 0.10.0 (/opt/ros/humble/share/python_cmake_module/cmake)
[10.134s] -- Using PYTHON_EXECUTABLE: /usr/bin/python3
[10.134s] -- Using PYTHON_INCLUDE_DIRS: /usr/include/python3.10
[10.134s] -- Using PYTHON_LIBRARIES: /usr/lib/x86_64-linux-gnu/libpython3.10.so
[10.386s] -- Configuring done
[10.856s] -- Generating done
[10.884s] -- Build files have been written to: /home/danny/ros2_ws/build/turtlesim
[10.953s] Invoked command in '/home/danny/ros2_ws/build/turtlesim' returned '0': CMAKE_PREFIX_PATH=${CMAKE_PREFIX_PATH}:/opt/ros/humble /usr/bin/cmake /home/danny/ros2_ws/src/ros_tutorials/turtlesim -DCMAKE_INSTALL_PREFIX=/home/danny/ros2_ws/install/turtlesim
[10.958s] Invoking command in '/home/danny/ros2_ws/build/turtlesim': CMAKE_PREFIX_PATH=${CMAKE_PREFIX_PATH}:/opt/ros/humble /usr/bin/cmake --build /home/danny/ros2_ws/build/turtlesim -- -j8 -l8
[11.040s] [35m[1mConsolidate compiler generated dependencies of target turtlesim__rosidl_generator_c[0m
[11.058s] [  1%] Built target turtlesim__cpp
[11.075s] [  1%] Built target ament_cmake_python_symlink_turtlesim
[11.098s] [35m[1mConsolidate compiler generated dependencies of target turtlesim__rosidl_typesupport_cpp[0m
[11.099s] [35m[1mConsolidate compiler generated dependencies of target turtlesim__rosidl_typesupport_introspection_cpp[0m
[11.109s] [35m[1mConsolidate compiler generated dependencies of target turtlesim__rosidl_typesupport_fastrtps_cpp[0m
[11.146s] [ 11%] Built target turtlesim__rosidl_generator_c
[11.218s] [ 21%] Built target turtlesim__rosidl_typesupport_cpp
[11.235s] [35m[1mConsolidate compiler generated dependencies of target turtlesim__rosidl_typesupport_fastrtps_c[0m
[11.237s] [35m[1mConsolidate compiler generated dependencies of target turtlesim__rosidl_typesupport_c[0m
[11.237s] [ 31%] Built target turtlesim__rosidl_typesupport_introspection_cpp
[11.257s] [ 41%] Built target turtlesim__rosidl_typesupport_c
[11.262s] [35m[1mConsolidate compiler generated dependencies of target turtle_teleop_key[0m
[11.269s] [ 51%] Built target turtlesim__rosidl_typesupport_fastrtps_cpp
[11.277s] [35m[1mConsolidate compiler generated dependencies of target turtlesim__rosidl_typesupport_introspection_c[0m
[11.278s] [35m[1mConsolidate compiler generated dependencies of target draw_square[0m
[11.279s] [35m[1mConsolidate compiler generated dependencies of target mimic[0m
[11.283s] [35m[1mConsolidate compiler generated dependencies of target turtlesim_node[0m
[11.303s] [ 61%] Built target turtlesim__rosidl_typesupport_fastrtps_c
[11.305s] [ 71%] Built target turtlesim__rosidl_typesupport_introspection_c
[11.348s] [ 71%] Built target turtlesim
[11.392s] [ 72%] Built target turtlesim__py
[11.405s] [ 74%] Built target turtle_teleop_key
[11.407s] [ 76%] Built target mimic
[11.413s] [ 78%] Built target draw_square
[11.415s] [ 79%] [32mBuilding CXX object CMakeFiles/turtlesim_node.dir/src/turtle_frame.cpp.o[0m
[11.443s] [35m[1mConsolidate compiler generated dependencies of target turtlesim__rosidl_generator_py[0m
[11.499s] running egg_info
[11.519s] [ 88%] Built target turtlesim__rosidl_generator_py
[11.540s] writing turtlesim.egg-info/PKG-INFO
[11.541s] writing dependency_links to turtlesim.egg-info/dependency_links.txt
[11.541s] writing top-level names to turtlesim.egg-info/top_level.txt
[11.547s] [35m[1mConsolidate compiler generated dependencies of target turtlesim__rosidl_typesupport_introspection_c__pyext[0m
[11.560s] [35m[1mConsolidate compiler generated dependencies of target turtlesim__rosidl_typesupport_fastrtps_c__pyext[0m
[11.567s] [35m[1mConsolidate compiler generated dependencies of target turtlesim__rosidl_typesupport_c__pyext[0m
[11.573s] [ 90%] Built target turtlesim__rosidl_typesupport_introspection_c__pyext
[11.590s] [ 92%] Built target turtlesim__rosidl_typesupport_fastrtps_c__pyext
[11.596s] [ 94%] Built target turtlesim__rosidl_typesupport_c__pyext
[11.639s] reading manifest file 'turtlesim.egg-info/SOURCES.txt'
[11.826s] Traceback (most recent call last):
[11.827s]   File "/home/danny/ros2_ws/build/turtlesim/ament_cmake_python/turtlesim/setup.py", line 4, in <module>
[11.827s]     setup(
[11.827s]   File "/home/danny/.local/lib/python3.10/site-packages/setuptools/__init__.py", line 115, in setup
[11.827s]     return distutils.core.setup(**attrs)
[11.827s]   File "/home/danny/.local/lib/python3.10/site-packages/setuptools/_distutils/core.py", line 186, in setup
[11.828s]     return run_commands(dist)
[11.828s]   File "/home/danny/.local/lib/python3.10/site-packages/setuptools/_distutils/core.py", line 202, in run_commands
[11.828s]     dist.run_commands()
[11.828s]   File "/home/danny/.local/lib/python3.10/site-packages/setuptools/_distutils/dist.py", line 1002, in run_commands
[11.828s]     self.run_command(cmd)
[11.828s]   File "/home/danny/.local/lib/python3.10/site-packages/setuptools/dist.py", line 1102, in run_command
[11.828s]     super().run_command(command)
[11.828s]   File "/home/danny/.local/lib/python3.10/site-packages/setuptools/_distutils/dist.py", line 1021, in run_command
[11.828s]     cmd_obj.run()
[11.829s]   File "/home/danny/.local/lib/python3.10/site-packages/setuptools/command/egg_info.py", line 312, in run
[11.829s]     self.find_sources()
[11.829s]   File "/home/danny/.local/lib/python3.10/site-packages/setuptools/command/egg_info.py", line 320, in find_sources
[11.829s]     mm.run()
[11.829s]   File "/home/danny/.local/lib/python3.10/site-packages/setuptools/command/egg_info.py", line 548, in run
[11.829s]     self.prune_file_list()
[11.829s]   File "/home/danny/.local/lib/python3.10/site-packages/setuptools/command/sdist.py", line 162, in prune_file_list
[11.829s]     super().prune_file_list()
[11.829s]   File "/home/danny/.local/lib/python3.10/site-packages/setuptools/_distutils/command/sdist.py", line 386, in prune_file_list
[11.829s]     base_dir = self.distribution.get_fullname()
[11.829s]   File "/home/danny/.local/lib/python3.10/site-packages/setuptools/_core_metadata.py", line 275, in get_fullname
[11.829s]     return _distribution_fullname(self.get_name(), self.get_version())
[11.829s]   File "/home/danny/.local/lib/python3.10/site-packages/setuptools/_core_metadata.py", line 293, in _distribution_fullname
[11.829s]     canonicalize_version(version, strip_trailing_zero=False),
[11.830s] TypeError: canonicalize_version() got an unexpected keyword argument 'strip_trailing_zero'
[11.861s] gmake[2]: *** [CMakeFiles/ament_cmake_python_build_turtlesim_egg.dir/build.make:70: CMakeFiles/ament_cmake_python_build_turtlesim_egg] Error 1
[11.861s] gmake[1]: *** [CMakeFiles/Makefile2:455: CMakeFiles/ament_cmake_python_build_turtlesim_egg.dir/all] Error 2
[11.861s] gmake[1]: *** Waiting for unfinished jobs....
[30.710s] [ 95%] [32m[1mLinking CXX executable turtlesim_node[0m
[35.493s] [100%] Built target turtlesim_node
[35.495s] gmake: *** [Makefile:146: all] Error 2
[35.500s] Invoked command in '/home/danny/ros2_ws/build/turtlesim' returned '2': CMAKE_PREFIX_PATH=${CMAKE_PREFIX_PATH}:/opt/ros/humble /usr/bin/cmake --build /home/danny/ros2_ws/build/turtlesim -- -j8 -l8
