[2.494s] Invoking command in '/home/danny/ros2_ws/src/rtabmap_webot': PYTHONPATH=/home/danny/ros2_ws/build/rtabmap_webot/prefix_override:/usr/lib/python3/dist-packages/colcon_core/task/python/colcon_distutils_commands:/home/danny/ros2_ws/install/rtabmap_webot/lib/python3.10/site-packages:${PYTHONPATH} /usr/bin/python3 -W ignore:setup.py install is deprecated -W ignore:easy_install command is deprecated setup.py egg_info --egg-base ../../build/rtabmap_webot build --build-base /home/danny/ros2_ws/build/rtabmap_webot/build install --record /home/danny/ros2_ws/build/rtabmap_webot/install.log --single-version-externally-managed install_data
[3.176s] running egg_info
[3.177s] creating ../../build/rtabmap_webot/sg_package.egg-info
[3.211s] writing ../../build/rtabmap_webot/sg_package.egg-info/PKG-INFO
[3.212s] writing dependency_links to ../../build/rtabmap_webot/sg_package.egg-info/dependency_links.txt
[3.212s] writing entry points to ../../build/rtabmap_webot/sg_package.egg-info/entry_points.txt
[3.212s] writing requirements to ../../build/rtabmap_webot/sg_package.egg-info/requires.txt
[3.213s] writing top-level names to ../../build/rtabmap_webot/sg_package.egg-info/top_level.txt
[3.213s] writing manifest file '../../build/rtabmap_webot/sg_package.egg-info/SOURCES.txt'
[3.264s] reading manifest file '../../build/rtabmap_webot/sg_package.egg-info/SOURCES.txt'
[3.264s] adding license file 'LICENSE'
[3.265s] writing manifest file '../../build/rtabmap_webot/sg_package.egg-info/SOURCES.txt'
[3.266s] running build
[3.266s] running build_py
[3.267s] creating /home/danny/ros2_ws/build/rtabmap_webot/build
[3.267s] creating /home/danny/ros2_ws/build/rtabmap_webot/build/lib
[3.267s] creating /home/danny/ros2_ws/build/rtabmap_webot/build/lib/rtabmap_webot
[3.268s] copying rtabmap_webot/buildings_marker.py -> /home/danny/ros2_ws/build/rtabmap_webot/build/lib/rtabmap_webot
[3.268s] copying rtabmap_webot/__init__.py -> /home/danny/ros2_ws/build/rtabmap_webot/build/lib/rtabmap_webot
[3.269s] running install
[3.276s] running install_lib
[3.303s] creating /home/danny/ros2_ws/install/rtabmap_webot/lib/python3.10/site-packages/rtabmap_webot
[3.304s] copying /home/danny/ros2_ws/build/rtabmap_webot/build/lib/rtabmap_webot/buildings_marker.py -> /home/danny/ros2_ws/install/rtabmap_webot/lib/python3.10/site-packages/rtabmap_webot
[3.304s] copying /home/danny/ros2_ws/build/rtabmap_webot/build/lib/rtabmap_webot/__init__.py -> /home/danny/ros2_ws/install/rtabmap_webot/lib/python3.10/site-packages/rtabmap_webot
[3.305s] byte-compiling /home/danny/ros2_ws/install/rtabmap_webot/lib/python3.10/site-packages/rtabmap_webot/buildings_marker.py to buildings_marker.cpython-310.pyc
[3.306s] byte-compiling /home/danny/ros2_ws/install/rtabmap_webot/lib/python3.10/site-packages/rtabmap_webot/__init__.py to __init__.cpython-310.pyc
[3.307s] running install_data
[3.307s] copying resource/sg_package -> /home/danny/ros2_ws/install/rtabmap_webot/share/ament_index/resource_index/packages
[3.307s] creating /home/danny/ros2_ws/install/rtabmap_webot/share/sg_package
[3.308s] creating /home/danny/ros2_ws/install/rtabmap_webot/share/sg_package/resource
[3.308s] copying resource/cartographer.lua -> /home/danny/ros2_ws/install/rtabmap_webot/share/sg_package/resource/.
[3.308s] copying resource/nav2_params_iron.yaml -> /home/danny/ros2_ws/install/rtabmap_webot/share/sg_package/resource/.
[3.308s] copying resource/default.rviz -> /home/danny/ros2_ws/install/rtabmap_webot/share/sg_package/resource/.
[3.309s] copying resource/tiago_bringup_webots.urdf -> /home/danny/ros2_ws/install/rtabmap_webot/share/sg_package/resource/.
[3.309s] copying resource/tiago_webots.urdf -> /home/danny/ros2_ws/install/rtabmap_webot/share/sg_package/resource/.
[3.309s] copying resource/nav2_params.yaml -> /home/danny/ros2_ws/install/rtabmap_webot/share/sg_package/resource/.
[3.309s] copying resource/ros2_control.yml -> /home/danny/ros2_ws/install/rtabmap_webot/share/sg_package/resource/.
[3.310s] copying resource/slam_toolbox_params.yaml -> /home/danny/ros2_ws/install/rtabmap_webot/share/sg_package/resource/.
[3.310s] copying resource/ros2_control_bringup.yml -> /home/danny/ros2_ws/install/rtabmap_webot/share/sg_package/resource/.
[3.310s] copying package.xml -> /home/danny/ros2_ws/install/rtabmap_webot/share/sg_package
[3.310s] creating /home/danny/ros2_ws/install/rtabmap_webot/share/sg_package/launch
[3.310s] copying launch/rtabmap_launch.py -> /home/danny/ros2_ws/install/rtabmap_webot/share/sg_package/launch
[3.311s] creating /home/danny/ros2_ws/install/rtabmap_webot/share/sg_package/worlds
[3.311s] copying worlds/default.wbt -> /home/danny/ros2_ws/install/rtabmap_webot/share/sg_package/worlds
[3.311s] copying worlds/school_guide.wbt -> /home/danny/ros2_ws/install/rtabmap_webot/share/sg_package/worlds
[3.311s] copying worlds/sg_NTUST.wbt -> /home/danny/ros2_ws/install/rtabmap_webot/share/sg_package/worlds
[3.312s] copying worlds/sg_NTUST_HWH.wbt -> /home/danny/ros2_ws/install/rtabmap_webot/share/sg_package/worlds
[3.312s] running install_egg_info
[3.347s] Copying ../../build/rtabmap_webot/sg_package.egg-info to /home/danny/ros2_ws/install/rtabmap_webot/lib/python3.10/site-packages/sg_package-0.0.1-py3.10.egg-info
[3.348s] running install_scripts
[3.452s] Installing buildings_marker script to /home/danny/ros2_ws/install/rtabmap_webot/lib/rtabmap_webot
[3.452s] writing list of installed files to '/home/danny/ros2_ws/build/rtabmap_webot/install.log'
[3.523s] Invoked command in '/home/danny/ros2_ws/src/rtabmap_webot' returned '0': PYTHONPATH=/home/danny/ros2_ws/build/rtabmap_webot/prefix_override:/usr/lib/python3/dist-packages/colcon_core/task/python/colcon_distutils_commands:/home/danny/ros2_ws/install/rtabmap_webot/lib/python3.10/site-packages:${PYTHONPATH} /usr/bin/python3 -W ignore:setup.py install is deprecated -W ignore:easy_install command is deprecated setup.py egg_info --egg-base ../../build/rtabmap_webot build --build-base /home/danny/ros2_ws/build/rtabmap_webot/build install --record /home/danny/ros2_ws/build/rtabmap_webot/install.log --single-version-externally-managed install_data
