[4.322s] Invoking command in '/home/danny/ros2_ws/src/rtabmap_ntust': PYTHONPATH=/home/danny/ros2_ws/build/rtabmap_ntust/prefix_override:/usr/lib/python3/dist-packages/colcon_core/task/python/colcon_distutils_commands:/home/danny/ros2_ws/install/rtabmap_ntust/lib/python3.10/site-packages:${PYTHONPATH} /usr/bin/python3 -W ignore:setup.py install is deprecated -W ignore:easy_install command is deprecated setup.py egg_info --egg-base ../../build/rtabmap_ntust build --build-base /home/danny/ros2_ws/build/rtabmap_ntust/build install --record /home/danny/ros2_ws/build/rtabmap_ntust/install.log --single-version-externally-managed install_data
[4.958s] running egg_info
[5.004s] writing ../../build/rtabmap_ntust/rtabmap_ntust.egg-info/PKG-INFO
[5.004s] writing dependency_links to ../../build/rtabmap_ntust/rtabmap_ntust.egg-info/dependency_links.txt
[5.004s] writing entry points to ../../build/rtabmap_ntust/rtabmap_ntust.egg-info/entry_points.txt
[5.005s] writing requirements to ../../build/rtabmap_ntust/rtabmap_ntust.egg-info/requires.txt
[5.005s] writing top-level names to ../../build/rtabmap_ntust/rtabmap_ntust.egg-info/top_level.txt
[5.067s] reading manifest file '../../build/rtabmap_ntust/rtabmap_ntust.egg-info/SOURCES.txt'
[5.081s] adding license file 'LICENSE'
[5.082s] writing manifest file '../../build/rtabmap_ntust/rtabmap_ntust.egg-info/SOURCES.txt'
[5.082s] running build
[5.083s] running build_py
[5.083s] running install
[5.094s] running install_lib
[5.117s] running install_data
[5.118s] copying resource/nav2_params.yaml -> /home/danny/ros2_ws/install/rtabmap_ntust/share/rtabmap_ntust/resource/.
[5.118s] running install_egg_info
[5.149s] removing '/home/danny/ros2_ws/install/rtabmap_ntust/lib/python3.10/site-packages/rtabmap_ntust-0.0.1-py3.10.egg-info' (and everything under it)
[5.160s] Copying ../../build/rtabmap_ntust/rtabmap_ntust.egg-info to /home/danny/ros2_ws/install/rtabmap_ntust/lib/python3.10/site-packages/rtabmap_ntust-0.0.1-py3.10.egg-info
[5.171s] running install_scripts
[5.267s] Installing buildings_marker script to /home/danny/ros2_ws/install/rtabmap_ntust/lib/rtabmap_webot
[5.268s] writing list of installed files to '/home/danny/ros2_ws/build/rtabmap_ntust/install.log'
[5.376s] Invoked command in '/home/danny/ros2_ws/src/rtabmap_ntust' returned '0': PYTHONPATH=/home/danny/ros2_ws/build/rtabmap_ntust/prefix_override:/usr/lib/python3/dist-packages/colcon_core/task/python/colcon_distutils_commands:/home/danny/ros2_ws/install/rtabmap_ntust/lib/python3.10/site-packages:${PYTHONPATH} /usr/bin/python3 -W ignore:setup.py install is deprecated -W ignore:easy_install command is deprecated setup.py egg_info --egg-base ../../build/rtabmap_ntust build --build-base /home/danny/ros2_ws/build/rtabmap_ntust/build install --record /home/danny/ros2_ws/build/rtabmap_ntust/install.log --single-version-externally-managed install_data
