[4.134s] DEBUG:colcon:Command line arguments: ['/usr/bin/colcon', 'build']
[4.135s] DEBUG:colcon:Parsed command line arguments: Namespace(log_base=None, log_level=None, verb_name='build', build_base='build', install_base='install', merge_install=False, symlink_install=False, test_result_base=None, continue_on_error=False, executor='parallel', parallel_workers=8, event_handlers=None, ignore_user_meta=False, metas=['./colcon.meta'], base_paths=['.'], packages_ignore=None, packages_ignore_regex=None, paths=None, packages_up_to=None, packages_up_to_regex=None, packages_above=None, packages_above_and_dependencies=None, packages_above_depth=None, packages_select_by_dep=None, packages_skip_by_dep=None, packages_skip_up_to=None, packages_select_build_failed=False, packages_skip_build_finished=False, packages_select_test_failures=False, packages_skip_test_passed=False, packages_select=None, packages_skip=None, packages_select_regex=None, packages_skip_regex=None, packages_start=None, packages_end=None, allow_overriding=[], cmake_args=None, cmake_target=None, cmake_target_skip_unavailable=False, cmake_clean_cache=False, cmake_clean_first=False, cmake_force_configure=False, ament_cmake_args=None, catkin_cmake_args=None, catkin_skip_building_tests=False, mixin_files=None, mixin=None, verb_parser=<colcon_mixin.mixin.mixin_argument.MixinArgumentDecorator object at 0x77a519347ee0>, verb_extension=<colcon_core.verb.build.BuildVerb object at 0x77a519494e20>, main=<bound method BuildVerb.main of <colcon_core.verb.build.BuildVerb object at 0x77a519494e20>>, mixin_verb=('build',))
[7.948s] Level 1:colcon.colcon_core.package_discovery:discover_packages(colcon_meta) check parameters
[7.948s] Level 1:colcon.colcon_core.package_discovery:discover_packages(recursive) check parameters
[7.948s] Level 1:colcon.colcon_core.package_discovery:discover_packages(ignore) check parameters
[7.948s] Level 1:colcon.colcon_core.package_discovery:discover_packages(path) check parameters
[7.948s] Level 1:colcon.colcon_core.package_discovery:discover_packages(colcon_meta) discover
[7.948s] Level 1:colcon.colcon_core.package_discovery:discover_packages(recursive) discover
[7.949s] INFO:colcon.colcon_core.package_discovery:Crawling recursively for packages in '/home/danny/ros2_ws'
[7.949s] Level 1:colcon.colcon_core.package_identification:_identify(.) by extensions ['ignore', 'ignore_ament_install']
[7.949s] Level 1:colcon.colcon_core.package_identification:_identify(.) by extension 'ignore'
[7.949s] Level 1:colcon.colcon_core.package_identification:_identify(.) by extension 'ignore_ament_install'
[7.949s] Level 1:colcon.colcon_core.package_identification:_identify(.) by extensions ['colcon_pkg']
[7.949s] Level 1:colcon.colcon_core.package_identification:_identify(.) by extension 'colcon_pkg'
[7.949s] Level 1:colcon.colcon_core.package_identification:_identify(.) by extensions ['colcon_meta']
[7.949s] Level 1:colcon.colcon_core.package_identification:_identify(.) by extension 'colcon_meta'
[7.949s] Level 1:colcon.colcon_core.package_identification:_identify(.) by extensions ['ros']
[7.949s] Level 1:colcon.colcon_core.package_identification:_identify(.) by extension 'ros'
[8.007s] Level 1:colcon.colcon_core.package_identification:_identify(.) by extensions ['cmake', 'python']
[8.007s] Level 1:colcon.colcon_core.package_identification:_identify(.) by extension 'cmake'
[8.007s] Level 1:colcon.colcon_core.package_identification:_identify(.) by extension 'python'
[8.007s] Level 1:colcon.colcon_core.package_identification:_identify(.) by extensions ['python_setup_py']
[8.007s] Level 1:colcon.colcon_core.package_identification:_identify(.) by extension 'python_setup_py'
[8.007s] Level 1:colcon.colcon_core.package_identification:_identify(build) by extensions ['ignore', 'ignore_ament_install']
[8.007s] Level 1:colcon.colcon_core.package_identification:_identify(build) by extension 'ignore'
[8.007s] Level 1:colcon.colcon_core.package_identification:_identify(build) ignored
[8.008s] Level 1:colcon.colcon_core.package_identification:_identify(install) by extensions ['ignore', 'ignore_ament_install']
[8.008s] Level 1:colcon.colcon_core.package_identification:_identify(install) by extension 'ignore'
[8.008s] Level 1:colcon.colcon_core.package_identification:_identify(install) ignored
[8.008s] Level 1:colcon.colcon_core.package_identification:_identify(log) by extensions ['ignore', 'ignore_ament_install']
[8.008s] Level 1:colcon.colcon_core.package_identification:_identify(log) by extension 'ignore'
[8.008s] Level 1:colcon.colcon_core.package_identification:_identify(log) ignored
[8.008s] Level 1:colcon.colcon_core.package_identification:_identify(src) by extensions ['ignore', 'ignore_ament_install']
[8.008s] Level 1:colcon.colcon_core.package_identification:_identify(src) by extension 'ignore'
[8.009s] Level 1:colcon.colcon_core.package_identification:_identify(src) by extension 'ignore_ament_install'
[8.009s] Level 1:colcon.colcon_core.package_identification:_identify(src) by extensions ['colcon_pkg']
[8.009s] Level 1:colcon.colcon_core.package_identification:_identify(src) by extension 'colcon_pkg'
[8.009s] Level 1:colcon.colcon_core.package_identification:_identify(src) by extensions ['colcon_meta']
[8.009s] Level 1:colcon.colcon_core.package_identification:_identify(src) by extension 'colcon_meta'
[8.009s] Level 1:colcon.colcon_core.package_identification:_identify(src) by extensions ['ros']
[8.009s] Level 1:colcon.colcon_core.package_identification:_identify(src) by extension 'ros'
[8.009s] Level 1:colcon.colcon_core.package_identification:_identify(src) by extensions ['cmake', 'python']
[8.009s] Level 1:colcon.colcon_core.package_identification:_identify(src) by extension 'cmake'
[8.009s] Level 1:colcon.colcon_core.package_identification:_identify(src) by extension 'python'
[8.009s] Level 1:colcon.colcon_core.package_identification:_identify(src) by extensions ['python_setup_py']
[8.009s] Level 1:colcon.colcon_core.package_identification:_identify(src) by extension 'python_setup_py'
[8.009s] Level 1:colcon.colcon_core.package_identification:_identify(src/rtabmap_ntust) by extensions ['ignore', 'ignore_ament_install']
[8.010s] Level 1:colcon.colcon_core.package_identification:_identify(src/rtabmap_ntust) by extension 'ignore'
[8.010s] Level 1:colcon.colcon_core.package_identification:_identify(src/rtabmap_ntust) by extension 'ignore_ament_install'
[8.010s] Level 1:colcon.colcon_core.package_identification:_identify(src/rtabmap_ntust) by extensions ['colcon_pkg']
[8.010s] Level 1:colcon.colcon_core.package_identification:_identify(src/rtabmap_ntust) by extension 'colcon_pkg'
[8.010s] Level 1:colcon.colcon_core.package_identification:_identify(src/rtabmap_ntust) by extensions ['colcon_meta']
[8.010s] Level 1:colcon.colcon_core.package_identification:_identify(src/rtabmap_ntust) by extension 'colcon_meta'
[8.010s] Level 1:colcon.colcon_core.package_identification:_identify(src/rtabmap_ntust) by extensions ['ros']
[8.010s] Level 1:colcon.colcon_core.package_identification:_identify(src/rtabmap_ntust) by extension 'ros'
[8.029s] DEBUG:colcon.colcon_core.package_identification:Package 'src/rtabmap_ntust' with type 'ros.ament_python' and name 'rtabmap_ntust'
[8.030s] Level 1:colcon.colcon_core.package_identification:_identify(src/rtabmap_webot) by extensions ['ignore', 'ignore_ament_install']
[8.030s] Level 1:colcon.colcon_core.package_identification:_identify(src/rtabmap_webot) by extension 'ignore'
[8.030s] Level 1:colcon.colcon_core.package_identification:_identify(src/rtabmap_webot) by extension 'ignore_ament_install'
[8.030s] Level 1:colcon.colcon_core.package_identification:_identify(src/rtabmap_webot) by extensions ['colcon_pkg']
[8.030s] Level 1:colcon.colcon_core.package_identification:_identify(src/rtabmap_webot) by extension 'colcon_pkg'
[8.030s] Level 1:colcon.colcon_core.package_identification:_identify(src/rtabmap_webot) by extensions ['colcon_meta']
[8.030s] Level 1:colcon.colcon_core.package_identification:_identify(src/rtabmap_webot) by extension 'colcon_meta'
[8.030s] Level 1:colcon.colcon_core.package_identification:_identify(src/rtabmap_webot) by extensions ['ros']
[8.031s] Level 1:colcon.colcon_core.package_identification:_identify(src/rtabmap_webot) by extension 'ros'
[8.038s] DEBUG:colcon.colcon_core.package_identification:Package 'src/rtabmap_webot' with type 'ros.ament_python' and name 'rtabmap_webot'
[8.038s] Level 1:colcon.colcon_core.package_discovery:discover_packages(recursive) using defaults
[8.038s] Level 1:colcon.colcon_core.package_discovery:discover_packages(ignore) discover
[8.038s] Level 1:colcon.colcon_core.package_discovery:discover_packages(ignore) using defaults
[8.038s] Level 1:colcon.colcon_core.package_discovery:discover_packages(path) discover
[8.039s] Level 1:colcon.colcon_core.package_discovery:discover_packages(path) using defaults
[8.300s] Level 1:colcon.colcon_core.package_discovery:discover_packages(prefix_path) check parameters
[8.300s] Level 1:colcon.colcon_core.package_discovery:discover_packages(prefix_path) discover
[8.343s] DEBUG:colcon.colcon_installed_package_information.package_discovery:Found 1 installed packages in /home/danny/ros2_fast_lio/install
[8.344s] DEBUG:colcon.colcon_installed_package_information.package_discovery:Found 2 installed packages in /home/danny/ros2_ws/install
[8.345s] DEBUG:colcon.colcon_installed_package_information.package_discovery:Found 1 installed packages in /home/danny/ros2_slam_toolbox_ws/install
[8.361s] DEBUG:colcon.colcon_installed_package_information.package_discovery:Found 434 installed packages in /opt/ros/humble
[8.368s] Level 1:colcon.colcon_core.package_discovery:discover_packages(prefix_path) using defaults
[9.300s] Level 5:colcon.colcon_core.verb:set package 'rtabmap_ntust' build argument 'cmake_args' from command line to 'None'
[9.301s] Level 5:colcon.colcon_core.verb:set package 'rtabmap_ntust' build argument 'cmake_target' from command line to 'None'
[9.301s] Level 5:colcon.colcon_core.verb:set package 'rtabmap_ntust' build argument 'cmake_target_skip_unavailable' from command line to 'False'
[9.301s] Level 5:colcon.colcon_core.verb:set package 'rtabmap_ntust' build argument 'cmake_clean_cache' from command line to 'False'
[9.301s] Level 5:colcon.colcon_core.verb:set package 'rtabmap_ntust' build argument 'cmake_clean_first' from command line to 'False'
[9.301s] Level 5:colcon.colcon_core.verb:set package 'rtabmap_ntust' build argument 'cmake_force_configure' from command line to 'False'
[9.301s] Level 5:colcon.colcon_core.verb:set package 'rtabmap_ntust' build argument 'ament_cmake_args' from command line to 'None'
[9.301s] Level 5:colcon.colcon_core.verb:set package 'rtabmap_ntust' build argument 'catkin_cmake_args' from command line to 'None'
[9.301s] Level 5:colcon.colcon_core.verb:set package 'rtabmap_ntust' build argument 'catkin_skip_building_tests' from command line to 'False'
[9.306s] DEBUG:colcon.colcon_core.verb:Building package 'rtabmap_ntust' with the following arguments: {'ament_cmake_args': None, 'build_base': '/home/danny/ros2_ws/build/rtabmap_ntust', 'catkin_cmake_args': None, 'catkin_skip_building_tests': False, 'cmake_args': None, 'cmake_clean_cache': False, 'cmake_clean_first': False, 'cmake_force_configure': False, 'cmake_target': None, 'cmake_target_skip_unavailable': False, 'install_base': '/home/danny/ros2_ws/install/rtabmap_ntust', 'merge_install': False, 'path': '/home/danny/ros2_ws/src/rtabmap_ntust', 'symlink_install': False, 'test_result_base': None}
[9.306s] Level 5:colcon.colcon_core.verb:set package 'rtabmap_webot' build argument 'cmake_args' from command line to 'None'
[9.306s] Level 5:colcon.colcon_core.verb:set package 'rtabmap_webot' build argument 'cmake_target' from command line to 'None'
[9.306s] Level 5:colcon.colcon_core.verb:set package 'rtabmap_webot' build argument 'cmake_target_skip_unavailable' from command line to 'False'
[9.307s] Level 5:colcon.colcon_core.verb:set package 'rtabmap_webot' build argument 'cmake_clean_cache' from command line to 'False'
[9.307s] Level 5:colcon.colcon_core.verb:set package 'rtabmap_webot' build argument 'cmake_clean_first' from command line to 'False'
[9.307s] Level 5:colcon.colcon_core.verb:set package 'rtabmap_webot' build argument 'cmake_force_configure' from command line to 'False'
[9.307s] Level 5:colcon.colcon_core.verb:set package 'rtabmap_webot' build argument 'ament_cmake_args' from command line to 'None'
[9.307s] Level 5:colcon.colcon_core.verb:set package 'rtabmap_webot' build argument 'catkin_cmake_args' from command line to 'None'
[9.307s] Level 5:colcon.colcon_core.verb:set package 'rtabmap_webot' build argument 'catkin_skip_building_tests' from command line to 'False'
[9.307s] DEBUG:colcon.colcon_core.verb:Building package 'rtabmap_webot' with the following arguments: {'ament_cmake_args': None, 'build_base': '/home/danny/ros2_ws/build/rtabmap_webot', 'catkin_cmake_args': None, 'catkin_skip_building_tests': False, 'cmake_args': None, 'cmake_clean_cache': False, 'cmake_clean_first': False, 'cmake_force_configure': False, 'cmake_target': None, 'cmake_target_skip_unavailable': False, 'install_base': '/home/danny/ros2_ws/install/rtabmap_webot', 'merge_install': False, 'path': '/home/danny/ros2_ws/src/rtabmap_webot', 'symlink_install': False, 'test_result_base': None}
[9.307s] INFO:colcon.colcon_core.executor:Executing jobs using 'parallel' executor
[9.309s] DEBUG:colcon.colcon_parallel_executor.executor.parallel:run_until_complete
[9.309s] INFO:colcon.colcon_ros.task.ament_python.build:Building ROS package in '/home/danny/ros2_ws/src/rtabmap_ntust' with build type 'ament_python'
[9.309s] Level 1:colcon.colcon_core.shell:create_environment_hook('rtabmap_ntust', 'ament_prefix_path')
[9.407s] INFO:colcon.colcon_core.plugin_system:Skipping extension 'colcon_core.shell.bat': Not used on non-Windows systems
[9.407s] INFO:colcon.colcon_core.shell:Creating environment hook '/home/danny/ros2_ws/install/rtabmap_ntust/share/rtabmap_ntust/hook/ament_prefix_path.ps1'
[9.446s] INFO:colcon.colcon_core.shell:Creating environment descriptor '/home/danny/ros2_ws/install/rtabmap_ntust/share/rtabmap_ntust/hook/ament_prefix_path.dsv'
[9.448s] INFO:colcon.colcon_core.shell:Creating environment hook '/home/danny/ros2_ws/install/rtabmap_ntust/share/rtabmap_ntust/hook/ament_prefix_path.sh'
[9.450s] INFO:colcon.colcon_core.shell:Skip shell extension 'powershell' for command environment: Not usable outside of PowerShell
[9.450s] DEBUG:colcon.colcon_core.shell:Skip shell extension 'dsv' for command environment
[9.457s] INFO:colcon.colcon_ros.task.ament_python.build:Building ROS package in '/home/danny/ros2_ws/src/rtabmap_webot' with build type 'ament_python'
[9.458s] Level 1:colcon.colcon_core.shell:create_environment_hook('rtabmap_webot', 'ament_prefix_path')
[9.458s] INFO:colcon.colcon_core.shell:Creating environment hook '/home/danny/ros2_ws/install/rtabmap_webot/share/rtabmap_webot/hook/ament_prefix_path.ps1'
[9.475s] INFO:colcon.colcon_core.shell:Creating environment descriptor '/home/danny/ros2_ws/install/rtabmap_webot/share/rtabmap_webot/hook/ament_prefix_path.dsv'
[9.476s] INFO:colcon.colcon_core.shell:Creating environment hook '/home/danny/ros2_ws/install/rtabmap_webot/share/rtabmap_webot/hook/ament_prefix_path.sh'
[9.478s] INFO:colcon.colcon_core.shell:Skip shell extension 'powershell' for command environment: Not usable outside of PowerShell
[9.478s] DEBUG:colcon.colcon_core.shell:Skip shell extension 'dsv' for command environment
[10.229s] INFO:colcon.colcon_core.task.python.build:Building Python package in '/home/danny/ros2_ws/src/rtabmap_ntust'
[10.230s] INFO:colcon.colcon_core.shell:Skip shell extension 'powershell' for command environment: Not usable outside of PowerShell
[10.230s] DEBUG:colcon.colcon_core.shell:Skip shell extension 'dsv' for command environment
[10.787s] INFO:colcon.colcon_core.task.python.build:Building Python package in '/home/danny/ros2_ws/src/rtabmap_webot'
[10.787s] INFO:colcon.colcon_core.shell:Skip shell extension 'powershell' for command environment: Not usable outside of PowerShell
[10.787s] DEBUG:colcon.colcon_core.shell:Skip shell extension 'dsv' for command environment
[14.034s] DEBUG:colcon.colcon_core.event_handler.log_command:Invoking command in '/home/danny/ros2_ws/src/rtabmap_ntust': PYTHONPATH=/home/danny/ros2_ws/build/rtabmap_ntust/prefix_override:/usr/lib/python3/dist-packages/colcon_core/task/python/colcon_distutils_commands:/home/danny/ros2_ws/install/rtabmap_ntust/lib/python3.10/site-packages:${PYTHONPATH} /usr/bin/python3 -W ignore:setup.py install is deprecated -W ignore:easy_install command is deprecated setup.py egg_info --egg-base ../../build/rtabmap_ntust build --build-base /home/danny/ros2_ws/build/rtabmap_ntust/build install --record /home/danny/ros2_ws/build/rtabmap_ntust/install.log --single-version-externally-managed install_data
[14.045s] DEBUG:colcon.colcon_core.event_handler.log_command:Invoking command in '/home/danny/ros2_ws/src/rtabmap_webot': PYTHONPATH=/home/danny/ros2_ws/build/rtabmap_webot/prefix_override:/usr/lib/python3/dist-packages/colcon_core/task/python/colcon_distutils_commands:/home/danny/ros2_ws/install/rtabmap_webot/lib/python3.10/site-packages:${PYTHONPATH} /usr/bin/python3 -W ignore:setup.py install is deprecated -W ignore:easy_install command is deprecated setup.py egg_info --egg-base ../../build/rtabmap_webot build --build-base /home/danny/ros2_ws/build/rtabmap_webot/build install --record /home/danny/ros2_ws/build/rtabmap_webot/install.log --single-version-externally-managed install_data
[15.159s] DEBUG:colcon.colcon_core.event_handler.log_command:Invoked command in '/home/danny/ros2_ws/src/rtabmap_ntust' returned '0': PYTHONPATH=/home/danny/ros2_ws/build/rtabmap_ntust/prefix_override:/usr/lib/python3/dist-packages/colcon_core/task/python/colcon_distutils_commands:/home/danny/ros2_ws/install/rtabmap_ntust/lib/python3.10/site-packages:${PYTHONPATH} /usr/bin/python3 -W ignore:setup.py install is deprecated -W ignore:easy_install command is deprecated setup.py egg_info --egg-base ../../build/rtabmap_ntust build --build-base /home/danny/ros2_ws/build/rtabmap_ntust/build install --record /home/danny/ros2_ws/build/rtabmap_ntust/install.log --single-version-externally-managed install_data
[15.210s] Level 1:colcon.colcon_core.environment:checking '/home/danny/ros2_ws/install/rtabmap_ntust' for CMake module files
[15.210s] Level 1:colcon.colcon_core.environment:checking '/home/danny/ros2_ws/install/rtabmap_ntust' for CMake config files
[15.212s] Level 1:colcon.colcon_core.environment:checking '/home/danny/ros2_ws/install/rtabmap_ntust/lib'
[15.212s] Level 1:colcon.colcon_core.environment:checking '/home/danny/ros2_ws/install/rtabmap_ntust/bin'
[15.212s] Level 1:colcon.colcon_core.environment:checking '/home/danny/ros2_ws/install/rtabmap_ntust/lib/pkgconfig/rtabmap_ntust.pc'
[15.212s] Level 1:colcon.colcon_core.environment:checking '/home/danny/ros2_ws/install/rtabmap_ntust/lib/python3.10/site-packages'
[15.213s] Level 1:colcon.colcon_core.shell:create_environment_hook('rtabmap_ntust', 'pythonpath')
[15.213s] INFO:colcon.colcon_core.shell:Creating environment hook '/home/danny/ros2_ws/install/rtabmap_ntust/share/rtabmap_ntust/hook/pythonpath.ps1'
[15.214s] INFO:colcon.colcon_core.shell:Creating environment descriptor '/home/danny/ros2_ws/install/rtabmap_ntust/share/rtabmap_ntust/hook/pythonpath.dsv'
[15.215s] INFO:colcon.colcon_core.shell:Creating environment hook '/home/danny/ros2_ws/install/rtabmap_ntust/share/rtabmap_ntust/hook/pythonpath.sh'
[15.217s] Level 1:colcon.colcon_core.environment:checking '/home/danny/ros2_ws/install/rtabmap_ntust/bin'
[15.217s] Level 1:colcon.colcon_core.environment:create_environment_scripts_only(rtabmap_ntust)
[15.218s] INFO:colcon.colcon_core.shell:Creating package script '/home/danny/ros2_ws/install/rtabmap_ntust/share/rtabmap_ntust/package.ps1'
[15.234s] INFO:colcon.colcon_core.shell:Creating package descriptor '/home/danny/ros2_ws/install/rtabmap_ntust/share/rtabmap_ntust/package.dsv'
[15.236s] INFO:colcon.colcon_core.shell:Creating package script '/home/danny/ros2_ws/install/rtabmap_ntust/share/rtabmap_ntust/package.sh'
[15.237s] INFO:colcon.colcon_core.shell:Creating package script '/home/danny/ros2_ws/install/rtabmap_ntust/share/rtabmap_ntust/package.bash'
[15.255s] INFO:colcon.colcon_core.shell:Creating package script '/home/danny/ros2_ws/install/rtabmap_ntust/share/rtabmap_ntust/package.zsh'
[15.263s] Level 1:colcon.colcon_core.environment:create_file_with_runtime_dependencies(/home/danny/ros2_ws/install/rtabmap_ntust/share/colcon-core/packages/rtabmap_ntust)
[15.267s] Level 1:colcon.colcon_core.environment:checking '/home/danny/ros2_ws/install/rtabmap_webot' for CMake module files
[15.268s] DEBUG:colcon.colcon_core.event_handler.log_command:Invoked command in '/home/danny/ros2_ws/src/rtabmap_webot' returned '0': PYTHONPATH=/home/danny/ros2_ws/build/rtabmap_webot/prefix_override:/usr/lib/python3/dist-packages/colcon_core/task/python/colcon_distutils_commands:/home/danny/ros2_ws/install/rtabmap_webot/lib/python3.10/site-packages:${PYTHONPATH} /usr/bin/python3 -W ignore:setup.py install is deprecated -W ignore:easy_install command is deprecated setup.py egg_info --egg-base ../../build/rtabmap_webot build --build-base /home/danny/ros2_ws/build/rtabmap_webot/build install --record /home/danny/ros2_ws/build/rtabmap_webot/install.log --single-version-externally-managed install_data
[15.268s] Level 1:colcon.colcon_core.environment:checking '/home/danny/ros2_ws/install/rtabmap_webot' for CMake config files
[15.270s] Level 1:colcon.colcon_core.environment:checking '/home/danny/ros2_ws/install/rtabmap_webot/lib'
[15.270s] Level 1:colcon.colcon_core.environment:checking '/home/danny/ros2_ws/install/rtabmap_webot/bin'
[15.270s] Level 1:colcon.colcon_core.environment:checking '/home/danny/ros2_ws/install/rtabmap_webot/lib/pkgconfig/rtabmap_webot.pc'
[15.271s] Level 1:colcon.colcon_core.environment:checking '/home/danny/ros2_ws/install/rtabmap_webot/lib/python3.10/site-packages'
[15.271s] Level 1:colcon.colcon_core.shell:create_environment_hook('rtabmap_webot', 'pythonpath')
[15.271s] INFO:colcon.colcon_core.shell:Creating environment hook '/home/danny/ros2_ws/install/rtabmap_webot/share/rtabmap_webot/hook/pythonpath.ps1'
[15.272s] INFO:colcon.colcon_core.shell:Creating environment descriptor '/home/danny/ros2_ws/install/rtabmap_webot/share/rtabmap_webot/hook/pythonpath.dsv'
[15.272s] INFO:colcon.colcon_core.shell:Creating environment hook '/home/danny/ros2_ws/install/rtabmap_webot/share/rtabmap_webot/hook/pythonpath.sh'
[15.273s] Level 1:colcon.colcon_core.environment:checking '/home/danny/ros2_ws/install/rtabmap_webot/bin'
[15.274s] Level 1:colcon.colcon_core.environment:create_environment_scripts_only(rtabmap_webot)
[15.274s] INFO:colcon.colcon_core.shell:Creating package script '/home/danny/ros2_ws/install/rtabmap_webot/share/rtabmap_webot/package.ps1'
[15.275s] INFO:colcon.colcon_core.shell:Creating package descriptor '/home/danny/ros2_ws/install/rtabmap_webot/share/rtabmap_webot/package.dsv'
[15.275s] INFO:colcon.colcon_core.shell:Creating package script '/home/danny/ros2_ws/install/rtabmap_webot/share/rtabmap_webot/package.sh'
[15.276s] INFO:colcon.colcon_core.shell:Creating package script '/home/danny/ros2_ws/install/rtabmap_webot/share/rtabmap_webot/package.bash'
[15.276s] INFO:colcon.colcon_core.shell:Creating package script '/home/danny/ros2_ws/install/rtabmap_webot/share/rtabmap_webot/package.zsh'
[15.277s] Level 1:colcon.colcon_core.environment:create_file_with_runtime_dependencies(/home/danny/ros2_ws/install/rtabmap_webot/share/colcon-core/packages/rtabmap_webot)
[15.277s] DEBUG:colcon.colcon_parallel_executor.executor.parallel:closing loop
[15.278s] DEBUG:colcon.colcon_parallel_executor.executor.parallel:loop closed
[15.278s] DEBUG:colcon.colcon_parallel_executor.executor.parallel:run_until_complete finished with '0'
[15.278s] DEBUG:colcon.colcon_core.event_reactor:joining thread
[15.448s] INFO:colcon.colcon_core.plugin_system:Skipping extension 'colcon_notification.desktop_notification.notify_send': Could not find 'notify-send'
[15.449s] INFO:colcon.colcon_core.plugin_system:Skipping extension 'colcon_notification.desktop_notification.terminal_notifier': Not used on non-Darwin systems
[15.449s] INFO:colcon.colcon_core.plugin_system:Skipping extension 'colcon_notification.desktop_notification.win32': Not used on non-Windows systems
[15.449s] INFO:colcon.colcon_notification.desktop_notification:Sending desktop notification using 'notify2'
[15.816s] DEBUG:colcon.colcon_notification.desktop_notification.notify2:Failed to initialize notify2: org.freedesktop.DBus.Error.ServiceUnknown: The name org.freedesktop.Notifications was not provided by any .service files
[15.817s] DEBUG:colcon.colcon_core.event_reactor:joined thread
[15.818s] INFO:colcon.colcon_core.shell:Creating prefix script '/home/danny/ros2_ws/install/local_setup.ps1'
[15.834s] INFO:colcon.colcon_core.shell:Creating prefix util module '/home/danny/ros2_ws/install/_local_setup_util_ps1.py'
[15.846s] INFO:colcon.colcon_core.shell:Creating prefix chain script '/home/danny/ros2_ws/install/setup.ps1'
[15.848s] INFO:colcon.colcon_core.shell:Creating prefix script '/home/danny/ros2_ws/install/local_setup.sh'
[15.850s] INFO:colcon.colcon_core.shell:Creating prefix util module '/home/danny/ros2_ws/install/_local_setup_util_sh.py'
[15.852s] INFO:colcon.colcon_core.shell:Creating prefix chain script '/home/danny/ros2_ws/install/setup.sh'
[15.855s] INFO:colcon.colcon_core.shell:Creating prefix script '/home/danny/ros2_ws/install/local_setup.bash'
[15.872s] INFO:colcon.colcon_core.shell:Creating prefix chain script '/home/danny/ros2_ws/install/setup.bash'
[15.881s] INFO:colcon.colcon_core.shell:Creating prefix script '/home/danny/ros2_ws/install/local_setup.zsh'
[15.889s] INFO:colcon.colcon_core.shell:Creating prefix chain script '/home/danny/ros2_ws/install/setup.zsh'
