[2.101s] Invoking command in '/home/danny/ros2_ws/src/rtabmap_ntust': PYTHONPATH=/home/danny/ros2_ws/build/rtabmap_ntust/prefix_override:/usr/lib/python3/dist-packages/colcon_core/task/python/colcon_distutils_commands:/home/danny/ros2_ws/install/rtabmap_ntust/lib/python3.10/site-packages:${PYTHONPATH} /usr/bin/python3 -W ignore:setup.py install is deprecated -W ignore:easy_install command is deprecated setup.py egg_info --egg-base ../../build/rtabmap_ntust build --build-base /home/danny/ros2_ws/build/rtabmap_ntust/build install --record /home/danny/ros2_ws/build/rtabmap_ntust/install.log --single-version-externally-managed install_data
[2.751s] running egg_info
[2.795s] writing ../../build/rtabmap_ntust/rtabmap_ntust.egg-info/PKG-INFO
[2.796s] writing dependency_links to ../../build/rtabmap_ntust/rtabmap_ntust.egg-info/dependency_links.txt
[2.796s] writing entry points to ../../build/rtabmap_ntust/rtabmap_ntust.egg-info/entry_points.txt
[2.796s] writing requirements to ../../build/rtabmap_ntust/rtabmap_ntust.egg-info/requires.txt
[2.797s] writing top-level names to ../../build/rtabmap_ntust/rtabmap_ntust.egg-info/top_level.txt
[2.856s] reading manifest file '../../build/rtabmap_ntust/rtabmap_ntust.egg-info/SOURCES.txt'
[2.856s] adding license file 'LICENSE'
[2.858s] writing manifest file '../../build/rtabmap_ntust/rtabmap_ntust.egg-info/SOURCES.txt'
[2.859s] running build
[2.859s] running build_py
[2.859s] running install
[2.867s] running install_lib
[2.910s] running install_data
[2.910s] copying resource/nav2_params.yaml -> /home/danny/ros2_ws/install/rtabmap_ntust/share/rtabmap_ntust/resource/.
[2.912s] running install_egg_info
[2.972s] removing '/home/danny/ros2_ws/install/rtabmap_ntust/lib/python3.10/site-packages/rtabmap_ntust-0.0.1-py3.10.egg-info' (and everything under it)
[2.972s] Copying ../../build/rtabmap_ntust/rtabmap_ntust.egg-info to /home/danny/ros2_ws/install/rtabmap_ntust/lib/python3.10/site-packages/rtabmap_ntust-0.0.1-py3.10.egg-info
[2.976s] running install_scripts
[3.117s] Installing buildings_marker script to /home/danny/ros2_ws/install/rtabmap_ntust/lib/rtabmap_webot
[3.118s] writing list of installed files to '/home/danny/ros2_ws/build/rtabmap_ntust/install.log'
[3.213s] Invoked command in '/home/danny/ros2_ws/src/rtabmap_ntust' returned '0': PYTHONPATH=/home/danny/ros2_ws/build/rtabmap_ntust/prefix_override:/usr/lib/python3/dist-packages/colcon_core/task/python/colcon_distutils_commands:/home/danny/ros2_ws/install/rtabmap_ntust/lib/python3.10/site-packages:${PYTHONPATH} /usr/bin/python3 -W ignore:setup.py install is deprecated -W ignore:easy_install command is deprecated setup.py egg_info --egg-base ../../build/rtabmap_ntust build --build-base /home/danny/ros2_ws/build/rtabmap_ntust/build install --record /home/danny/ros2_ws/build/rtabmap_ntust/install.log --single-version-externally-managed install_data
