[0.329s] DEBUG:colcon:Command line arguments: ['/usr/bin/colcon', 'build']
[0.329s] DEBUG:colcon:Parsed command line arguments: Namespace(log_base=None, log_level=None, verb_name='build', build_base='build', install_base='install', merge_install=False, symlink_install=False, test_result_base=None, continue_on_error=False, executor='parallel', parallel_workers=8, event_handlers=None, ignore_user_meta=False, metas=['./colcon.meta'], base_paths=['.'], packages_ignore=None, packages_ignore_regex=None, paths=None, packages_up_to=None, packages_up_to_regex=None, packages_above=None, packages_above_and_dependencies=None, packages_above_depth=None, packages_select_by_dep=None, packages_skip_by_dep=None, packages_skip_up_to=None, packages_select_build_failed=False, packages_skip_build_finished=False, packages_select_test_failures=False, packages_skip_test_passed=False, packages_select=None, packages_skip=None, packages_select_regex=None, packages_skip_regex=None, packages_start=None, packages_end=None, allow_overriding=[], cmake_args=None, cmake_target=None, cmake_target_skip_unavailable=False, cmake_clean_cache=False, cmake_clean_first=False, cmake_force_configure=False, ament_cmake_args=None, catkin_cmake_args=None, catkin_skip_building_tests=False, mixin_files=None, mixin=None, verb_parser=<colcon_mixin.mixin.mixin_argument.MixinArgumentDecorator object at 0x74139ff57ee0>, verb_extension=<colcon_core.verb.build.BuildVerb object at 0x7413a00a4e20>, main=<bound method BuildVerb.main of <colcon_core.verb.build.BuildVerb object at 0x7413a00a4e20>>, mixin_verb=('build',))
[0.875s] Level 1:colcon.colcon_core.package_discovery:discover_packages(colcon_meta) check parameters
[0.878s] Level 1:colcon.colcon_core.package_discovery:discover_packages(recursive) check parameters
[0.878s] Level 1:colcon.colcon_core.package_discovery:discover_packages(ignore) check parameters
[0.878s] Level 1:colcon.colcon_core.package_discovery:discover_packages(path) check parameters
[0.878s] Level 1:colcon.colcon_core.package_discovery:discover_packages(colcon_meta) discover
[0.878s] Level 1:colcon.colcon_core.package_discovery:discover_packages(recursive) discover
[0.878s] INFO:colcon.colcon_core.package_discovery:Crawling recursively for packages in '/home/danny/ros2_ws'
[0.879s] Level 1:colcon.colcon_core.package_identification:_identify(.) by extensions ['ignore', 'ignore_ament_install']
[0.879s] Level 1:colcon.colcon_core.package_identification:_identify(.) by extension 'ignore'
[0.879s] Level 1:colcon.colcon_core.package_identification:_identify(.) by extension 'ignore_ament_install'
[0.880s] Level 1:colcon.colcon_core.package_identification:_identify(.) by extensions ['colcon_pkg']
[0.880s] Level 1:colcon.colcon_core.package_identification:_identify(.) by extension 'colcon_pkg'
[0.880s] Level 1:colcon.colcon_core.package_identification:_identify(.) by extensions ['colcon_meta']
[0.880s] Level 1:colcon.colcon_core.package_identification:_identify(.) by extension 'colcon_meta'
[0.880s] Level 1:colcon.colcon_core.package_identification:_identify(.) by extensions ['ros']
[0.880s] Level 1:colcon.colcon_core.package_identification:_identify(.) by extension 'ros'
[0.925s] Level 1:colcon.colcon_core.package_identification:_identify(.) by extensions ['cmake', 'python']
[0.926s] Level 1:colcon.colcon_core.package_identification:_identify(.) by extension 'cmake'
[0.926s] Level 1:colcon.colcon_core.package_identification:_identify(.) by extension 'python'
[0.926s] Level 1:colcon.colcon_core.package_identification:_identify(.) by extensions ['python_setup_py']
[0.926s] Level 1:colcon.colcon_core.package_identification:_identify(.) by extension 'python_setup_py'
[0.927s] Level 1:colcon.colcon_core.package_identification:_identify(build) by extensions ['ignore', 'ignore_ament_install']
[0.927s] Level 1:colcon.colcon_core.package_identification:_identify(build) by extension 'ignore'
[0.927s] Level 1:colcon.colcon_core.package_identification:_identify(build) ignored
[0.928s] Level 1:colcon.colcon_core.package_identification:_identify(install) by extensions ['ignore', 'ignore_ament_install']
[0.928s] Level 1:colcon.colcon_core.package_identification:_identify(install) by extension 'ignore'
[0.929s] Level 1:colcon.colcon_core.package_identification:_identify(install) ignored
[0.930s] Level 1:colcon.colcon_core.package_identification:_identify(log) by extensions ['ignore', 'ignore_ament_install']
[0.930s] Level 1:colcon.colcon_core.package_identification:_identify(log) by extension 'ignore'
[0.930s] Level 1:colcon.colcon_core.package_identification:_identify(log) ignored
[0.931s] Level 1:colcon.colcon_core.package_identification:_identify(src) by extensions ['ignore', 'ignore_ament_install']
[0.931s] Level 1:colcon.colcon_core.package_identification:_identify(src) by extension 'ignore'
[0.931s] Level 1:colcon.colcon_core.package_identification:_identify(src) by extension 'ignore_ament_install'
[0.932s] Level 1:colcon.colcon_core.package_identification:_identify(src) by extensions ['colcon_pkg']
[0.932s] Level 1:colcon.colcon_core.package_identification:_identify(src) by extension 'colcon_pkg'
[0.932s] Level 1:colcon.colcon_core.package_identification:_identify(src) by extensions ['colcon_meta']
[0.932s] Level 1:colcon.colcon_core.package_identification:_identify(src) by extension 'colcon_meta'
[0.933s] Level 1:colcon.colcon_core.package_identification:_identify(src) by extensions ['ros']
[0.933s] Level 1:colcon.colcon_core.package_identification:_identify(src) by extension 'ros'
[0.934s] Level 1:colcon.colcon_core.package_identification:_identify(src) by extensions ['cmake', 'python']
[0.934s] Level 1:colcon.colcon_core.package_identification:_identify(src) by extension 'cmake'
[0.934s] Level 1:colcon.colcon_core.package_identification:_identify(src) by extension 'python'
[0.934s] Level 1:colcon.colcon_core.package_identification:_identify(src) by extensions ['python_setup_py']
[0.935s] Level 1:colcon.colcon_core.package_identification:_identify(src) by extension 'python_setup_py'
[0.935s] Level 1:colcon.colcon_core.package_identification:_identify(src/rtabmap_ntust) by extensions ['ignore', 'ignore_ament_install']
[0.936s] Level 1:colcon.colcon_core.package_identification:_identify(src/rtabmap_ntust) by extension 'ignore'
[0.936s] Level 1:colcon.colcon_core.package_identification:_identify(src/rtabmap_ntust) by extension 'ignore_ament_install'
[0.936s] Level 1:colcon.colcon_core.package_identification:_identify(src/rtabmap_ntust) by extensions ['colcon_pkg']
[0.936s] Level 1:colcon.colcon_core.package_identification:_identify(src/rtabmap_ntust) by extension 'colcon_pkg'
[0.937s] Level 1:colcon.colcon_core.package_identification:_identify(src/rtabmap_ntust) by extensions ['colcon_meta']
[0.937s] Level 1:colcon.colcon_core.package_identification:_identify(src/rtabmap_ntust) by extension 'colcon_meta'
[0.937s] Level 1:colcon.colcon_core.package_identification:_identify(src/rtabmap_ntust) by extensions ['ros']
[0.937s] Level 1:colcon.colcon_core.package_identification:_identify(src/rtabmap_ntust) by extension 'ros'
[0.944s] DEBUG:colcon.colcon_core.package_identification:Package 'src/rtabmap_ntust' with type 'ros.ament_python' and name 'rtabmap_ntust'
[0.945s] Level 1:colcon.colcon_core.package_identification:_identify(src/rtabmap_webot) by extensions ['ignore', 'ignore_ament_install']
[0.945s] Level 1:colcon.colcon_core.package_identification:_identify(src/rtabmap_webot) by extension 'ignore'
[0.945s] Level 1:colcon.colcon_core.package_identification:_identify(src/rtabmap_webot) by extension 'ignore_ament_install'
[0.945s] Level 1:colcon.colcon_core.package_identification:_identify(src/rtabmap_webot) by extensions ['colcon_pkg']
[0.946s] Level 1:colcon.colcon_core.package_identification:_identify(src/rtabmap_webot) by extension 'colcon_pkg'
[0.946s] Level 1:colcon.colcon_core.package_identification:_identify(src/rtabmap_webot) by extensions ['colcon_meta']
[0.946s] Level 1:colcon.colcon_core.package_identification:_identify(src/rtabmap_webot) by extension 'colcon_meta'
[0.946s] Level 1:colcon.colcon_core.package_identification:_identify(src/rtabmap_webot) by extensions ['ros']
[0.947s] Level 1:colcon.colcon_core.package_identification:_identify(src/rtabmap_webot) by extension 'ros'
[0.950s] DEBUG:colcon.colcon_core.package_identification:Package 'src/rtabmap_webot' with type 'ros.ament_python' and name 'rtabmap_webot'
[0.950s] Level 1:colcon.colcon_core.package_discovery:discover_packages(recursive) using defaults
[0.951s] Level 1:colcon.colcon_core.package_discovery:discover_packages(ignore) discover
[0.951s] Level 1:colcon.colcon_core.package_discovery:discover_packages(ignore) using defaults
[0.951s] Level 1:colcon.colcon_core.package_discovery:discover_packages(path) discover
[0.951s] Level 1:colcon.colcon_core.package_discovery:discover_packages(path) using defaults
[1.006s] Level 1:colcon.colcon_core.package_discovery:discover_packages(prefix_path) check parameters
[1.007s] Level 1:colcon.colcon_core.package_discovery:discover_packages(prefix_path) discover
[1.013s] DEBUG:colcon.colcon_installed_package_information.package_discovery:Found 2 installed packages in /home/danny/ros2_ws/install
[1.014s] DEBUG:colcon.colcon_installed_package_information.package_discovery:Found 1 installed packages in /home/danny/ros2_fast_lio/install
[1.015s] DEBUG:colcon.colcon_installed_package_information.package_discovery:Found 1 installed packages in /home/danny/ros2_slam_toolbox_ws/install
[1.019s] DEBUG:colcon.colcon_installed_package_information.package_discovery:Found 435 installed packages in /opt/ros/humble
[1.026s] Level 1:colcon.colcon_core.package_discovery:discover_packages(prefix_path) using defaults
[1.178s] Level 5:colcon.colcon_core.verb:set package 'rtabmap_ntust' build argument 'cmake_args' from command line to 'None'
[1.179s] Level 5:colcon.colcon_core.verb:set package 'rtabmap_ntust' build argument 'cmake_target' from command line to 'None'
[1.179s] Level 5:colcon.colcon_core.verb:set package 'rtabmap_ntust' build argument 'cmake_target_skip_unavailable' from command line to 'False'
[1.179s] Level 5:colcon.colcon_core.verb:set package 'rtabmap_ntust' build argument 'cmake_clean_cache' from command line to 'False'
[1.179s] Level 5:colcon.colcon_core.verb:set package 'rtabmap_ntust' build argument 'cmake_clean_first' from command line to 'False'
[1.179s] Level 5:colcon.colcon_core.verb:set package 'rtabmap_ntust' build argument 'cmake_force_configure' from command line to 'False'
[1.179s] Level 5:colcon.colcon_core.verb:set package 'rtabmap_ntust' build argument 'ament_cmake_args' from command line to 'None'
[1.179s] Level 5:colcon.colcon_core.verb:set package 'rtabmap_ntust' build argument 'catkin_cmake_args' from command line to 'None'
[1.179s] Level 5:colcon.colcon_core.verb:set package 'rtabmap_ntust' build argument 'catkin_skip_building_tests' from command line to 'False'
[1.180s] DEBUG:colcon.colcon_core.verb:Building package 'rtabmap_ntust' with the following arguments: {'ament_cmake_args': None, 'build_base': '/home/danny/ros2_ws/build/rtabmap_ntust', 'catkin_cmake_args': None, 'catkin_skip_building_tests': False, 'cmake_args': None, 'cmake_clean_cache': False, 'cmake_clean_first': False, 'cmake_force_configure': False, 'cmake_target': None, 'cmake_target_skip_unavailable': False, 'install_base': '/home/danny/ros2_ws/install/rtabmap_ntust', 'merge_install': False, 'path': '/home/danny/ros2_ws/src/rtabmap_ntust', 'symlink_install': False, 'test_result_base': None}
[1.181s] Level 5:colcon.colcon_core.verb:set package 'rtabmap_webot' build argument 'cmake_args' from command line to 'None'
[1.181s] Level 5:colcon.colcon_core.verb:set package 'rtabmap_webot' build argument 'cmake_target' from command line to 'None'
[1.182s] Level 5:colcon.colcon_core.verb:set package 'rtabmap_webot' build argument 'cmake_target_skip_unavailable' from command line to 'False'
[1.182s] Level 5:colcon.colcon_core.verb:set package 'rtabmap_webot' build argument 'cmake_clean_cache' from command line to 'False'
[1.182s] Level 5:colcon.colcon_core.verb:set package 'rtabmap_webot' build argument 'cmake_clean_first' from command line to 'False'
[1.182s] Level 5:colcon.colcon_core.verb:set package 'rtabmap_webot' build argument 'cmake_force_configure' from command line to 'False'
[1.182s] Level 5:colcon.colcon_core.verb:set package 'rtabmap_webot' build argument 'ament_cmake_args' from command line to 'None'
[1.182s] Level 5:colcon.colcon_core.verb:set package 'rtabmap_webot' build argument 'catkin_cmake_args' from command line to 'None'
[1.182s] Level 5:colcon.colcon_core.verb:set package 'rtabmap_webot' build argument 'catkin_skip_building_tests' from command line to 'False'
[1.182s] DEBUG:colcon.colcon_core.verb:Building package 'rtabmap_webot' with the following arguments: {'ament_cmake_args': None, 'build_base': '/home/danny/ros2_ws/build/rtabmap_webot', 'catkin_cmake_args': None, 'catkin_skip_building_tests': False, 'cmake_args': None, 'cmake_clean_cache': False, 'cmake_clean_first': False, 'cmake_force_configure': False, 'cmake_target': None, 'cmake_target_skip_unavailable': False, 'install_base': '/home/danny/ros2_ws/install/rtabmap_webot', 'merge_install': False, 'path': '/home/danny/ros2_ws/src/rtabmap_webot', 'symlink_install': False, 'test_result_base': None}
[1.182s] INFO:colcon.colcon_core.executor:Executing jobs using 'parallel' executor
[1.186s] DEBUG:colcon.colcon_parallel_executor.executor.parallel:run_until_complete
[1.187s] INFO:colcon.colcon_ros.task.ament_python.build:Building ROS package in '/home/danny/ros2_ws/src/rtabmap_ntust' with build type 'ament_python'
[1.187s] Level 1:colcon.colcon_core.shell:create_environment_hook('rtabmap_ntust', 'ament_prefix_path')
[1.193s] INFO:colcon.colcon_core.plugin_system:Skipping extension 'colcon_core.shell.bat': Not used on non-Windows systems
[1.193s] INFO:colcon.colcon_core.shell:Creating environment hook '/home/danny/ros2_ws/install/rtabmap_ntust/share/rtabmap_ntust/hook/ament_prefix_path.ps1'
[1.194s] INFO:colcon.colcon_core.shell:Creating environment descriptor '/home/danny/ros2_ws/install/rtabmap_ntust/share/rtabmap_ntust/hook/ament_prefix_path.dsv'
[1.196s] INFO:colcon.colcon_core.shell:Creating environment hook '/home/danny/ros2_ws/install/rtabmap_ntust/share/rtabmap_ntust/hook/ament_prefix_path.sh'
[1.198s] INFO:colcon.colcon_core.shell:Skip shell extension 'powershell' for command environment: Not usable outside of PowerShell
[1.198s] DEBUG:colcon.colcon_core.shell:Skip shell extension 'dsv' for command environment
[1.212s] INFO:colcon.colcon_ros.task.ament_python.build:Building ROS package in '/home/danny/ros2_ws/src/rtabmap_webot' with build type 'ament_python'
[1.213s] Level 1:colcon.colcon_core.shell:create_environment_hook('rtabmap_webot', 'ament_prefix_path')
[1.214s] INFO:colcon.colcon_core.shell:Creating environment hook '/home/danny/ros2_ws/install/rtabmap_webot/share/rtabmap_webot/hook/ament_prefix_path.ps1'
[1.216s] INFO:colcon.colcon_core.shell:Creating environment descriptor '/home/danny/ros2_ws/install/rtabmap_webot/share/rtabmap_webot/hook/ament_prefix_path.dsv'
[1.217s] INFO:colcon.colcon_core.shell:Creating environment hook '/home/danny/ros2_ws/install/rtabmap_webot/share/rtabmap_webot/hook/ament_prefix_path.sh'
[1.220s] INFO:colcon.colcon_core.shell:Skip shell extension 'powershell' for command environment: Not usable outside of PowerShell
[1.220s] DEBUG:colcon.colcon_core.shell:Skip shell extension 'dsv' for command environment
[2.347s] INFO:colcon.colcon_core.task.python.build:Building Python package in '/home/danny/ros2_ws/src/rtabmap_ntust'
[2.348s] INFO:colcon.colcon_core.shell:Skip shell extension 'powershell' for command environment: Not usable outside of PowerShell
[2.348s] DEBUG:colcon.colcon_core.shell:Skip shell extension 'dsv' for command environment
[2.953s] INFO:colcon.colcon_core.task.python.build:Building Python package in '/home/danny/ros2_ws/src/rtabmap_webot'
[2.954s] INFO:colcon.colcon_core.shell:Skip shell extension 'powershell' for command environment: Not usable outside of PowerShell
[2.954s] DEBUG:colcon.colcon_core.shell:Skip shell extension 'dsv' for command environment
[3.986s] DEBUG:colcon.colcon_core.event_handler.log_command:Invoking command in '/home/danny/ros2_ws/src/rtabmap_webot': PYTHONPATH=/home/danny/ros2_ws/build/rtabmap_webot/prefix_override:/usr/lib/python3/dist-packages/colcon_core/task/python/colcon_distutils_commands:/home/danny/ros2_ws/install/rtabmap_webot/lib/python3.10/site-packages:${PYTHONPATH} /usr/bin/python3 -W ignore:setup.py install is deprecated -W ignore:easy_install command is deprecated setup.py egg_info --egg-base ../../build/rtabmap_webot build --build-base /home/danny/ros2_ws/build/rtabmap_webot/build install --record /home/danny/ros2_ws/build/rtabmap_webot/install.log --single-version-externally-managed install_data
[3.991s] DEBUG:colcon.colcon_core.event_handler.log_command:Invoking command in '/home/danny/ros2_ws/src/rtabmap_ntust': PYTHONPATH=/home/danny/ros2_ws/build/rtabmap_ntust/prefix_override:/usr/lib/python3/dist-packages/colcon_core/task/python/colcon_distutils_commands:/home/danny/ros2_ws/install/rtabmap_ntust/lib/python3.10/site-packages:${PYTHONPATH} /usr/bin/python3 -W ignore:setup.py install is deprecated -W ignore:easy_install command is deprecated setup.py egg_info --egg-base ../../build/rtabmap_ntust build --build-base /home/danny/ros2_ws/build/rtabmap_ntust/build install --record /home/danny/ros2_ws/build/rtabmap_ntust/install.log --single-version-externally-managed install_data
[4.941s] DEBUG:colcon.colcon_core.event_handler.log_command:Invoked command in '/home/danny/ros2_ws/src/rtabmap_webot' returned '0': PYTHONPATH=/home/danny/ros2_ws/build/rtabmap_webot/prefix_override:/usr/lib/python3/dist-packages/colcon_core/task/python/colcon_distutils_commands:/home/danny/ros2_ws/install/rtabmap_webot/lib/python3.10/site-packages:${PYTHONPATH} /usr/bin/python3 -W ignore:setup.py install is deprecated -W ignore:easy_install command is deprecated setup.py egg_info --egg-base ../../build/rtabmap_webot build --build-base /home/danny/ros2_ws/build/rtabmap_webot/build install --record /home/danny/ros2_ws/build/rtabmap_webot/install.log --single-version-externally-managed install_data
[4.946s] Level 1:colcon.colcon_core.environment:checking '/home/danny/ros2_ws/install/rtabmap_webot' for CMake module files
[4.947s] Level 1:colcon.colcon_core.environment:checking '/home/danny/ros2_ws/install/rtabmap_webot' for CMake config files
[4.949s] Level 1:colcon.colcon_core.environment:checking '/home/danny/ros2_ws/install/rtabmap_webot/lib'
[4.949s] Level 1:colcon.colcon_core.environment:checking '/home/danny/ros2_ws/install/rtabmap_webot/bin'
[4.950s] Level 1:colcon.colcon_core.environment:checking '/home/danny/ros2_ws/install/rtabmap_webot/lib/pkgconfig/rtabmap_webot.pc'
[4.950s] Level 1:colcon.colcon_core.environment:checking '/home/danny/ros2_ws/install/rtabmap_webot/lib/python3.10/site-packages'
[4.950s] Level 1:colcon.colcon_core.shell:create_environment_hook('rtabmap_webot', 'pythonpath')
[4.950s] INFO:colcon.colcon_core.shell:Creating environment hook '/home/danny/ros2_ws/install/rtabmap_webot/share/rtabmap_webot/hook/pythonpath.ps1'
[4.951s] INFO:colcon.colcon_core.shell:Creating environment descriptor '/home/danny/ros2_ws/install/rtabmap_webot/share/rtabmap_webot/hook/pythonpath.dsv'
[4.952s] INFO:colcon.colcon_core.shell:Creating environment hook '/home/danny/ros2_ws/install/rtabmap_webot/share/rtabmap_webot/hook/pythonpath.sh'
[4.952s] Level 1:colcon.colcon_core.environment:checking '/home/danny/ros2_ws/install/rtabmap_webot/bin'
[4.953s] Level 1:colcon.colcon_core.environment:create_environment_scripts_only(rtabmap_webot)
[4.953s] INFO:colcon.colcon_core.shell:Creating package script '/home/danny/ros2_ws/install/rtabmap_webot/share/rtabmap_webot/package.ps1'
[4.954s] INFO:colcon.colcon_core.shell:Creating package descriptor '/home/danny/ros2_ws/install/rtabmap_webot/share/rtabmap_webot/package.dsv'
[4.955s] INFO:colcon.colcon_core.shell:Creating package script '/home/danny/ros2_ws/install/rtabmap_webot/share/rtabmap_webot/package.sh'
[4.956s] INFO:colcon.colcon_core.shell:Creating package script '/home/danny/ros2_ws/install/rtabmap_webot/share/rtabmap_webot/package.bash'
[4.956s] INFO:colcon.colcon_core.shell:Creating package script '/home/danny/ros2_ws/install/rtabmap_webot/share/rtabmap_webot/package.zsh'
[4.957s] Level 1:colcon.colcon_core.environment:create_file_with_runtime_dependencies(/home/danny/ros2_ws/install/rtabmap_webot/share/colcon-core/packages/rtabmap_webot)
[4.960s] Level 1:colcon.colcon_core.environment:checking '/home/danny/ros2_ws/install/rtabmap_ntust' for CMake module files
[4.962s] Level 1:colcon.colcon_core.environment:checking '/home/danny/ros2_ws/install/rtabmap_ntust' for CMake config files
[4.962s] DEBUG:colcon.colcon_core.event_handler.log_command:Invoked command in '/home/danny/ros2_ws/src/rtabmap_ntust' returned '0': PYTHONPATH=/home/danny/ros2_ws/build/rtabmap_ntust/prefix_override:/usr/lib/python3/dist-packages/colcon_core/task/python/colcon_distutils_commands:/home/danny/ros2_ws/install/rtabmap_ntust/lib/python3.10/site-packages:${PYTHONPATH} /usr/bin/python3 -W ignore:setup.py install is deprecated -W ignore:easy_install command is deprecated setup.py egg_info --egg-base ../../build/rtabmap_ntust build --build-base /home/danny/ros2_ws/build/rtabmap_ntust/build install --record /home/danny/ros2_ws/build/rtabmap_ntust/install.log --single-version-externally-managed install_data
[4.963s] Level 1:colcon.colcon_core.environment:checking '/home/danny/ros2_ws/install/rtabmap_ntust/lib'
[4.963s] Level 1:colcon.colcon_core.environment:checking '/home/danny/ros2_ws/install/rtabmap_ntust/bin'
[4.963s] Level 1:colcon.colcon_core.environment:checking '/home/danny/ros2_ws/install/rtabmap_ntust/lib/pkgconfig/rtabmap_ntust.pc'
[4.964s] Level 1:colcon.colcon_core.environment:checking '/home/danny/ros2_ws/install/rtabmap_ntust/lib/python3.10/site-packages'
[4.964s] Level 1:colcon.colcon_core.shell:create_environment_hook('rtabmap_ntust', 'pythonpath')
[4.964s] INFO:colcon.colcon_core.shell:Creating environment hook '/home/danny/ros2_ws/install/rtabmap_ntust/share/rtabmap_ntust/hook/pythonpath.ps1'
[4.965s] INFO:colcon.colcon_core.shell:Creating environment descriptor '/home/danny/ros2_ws/install/rtabmap_ntust/share/rtabmap_ntust/hook/pythonpath.dsv'
[4.965s] INFO:colcon.colcon_core.shell:Creating environment hook '/home/danny/ros2_ws/install/rtabmap_ntust/share/rtabmap_ntust/hook/pythonpath.sh'
[4.966s] Level 1:colcon.colcon_core.environment:checking '/home/danny/ros2_ws/install/rtabmap_ntust/bin'
[4.967s] Level 1:colcon.colcon_core.environment:create_environment_scripts_only(rtabmap_ntust)
[4.967s] INFO:colcon.colcon_core.shell:Creating package script '/home/danny/ros2_ws/install/rtabmap_ntust/share/rtabmap_ntust/package.ps1'
[4.968s] INFO:colcon.colcon_core.shell:Creating package descriptor '/home/danny/ros2_ws/install/rtabmap_ntust/share/rtabmap_ntust/package.dsv'
[4.969s] INFO:colcon.colcon_core.shell:Creating package script '/home/danny/ros2_ws/install/rtabmap_ntust/share/rtabmap_ntust/package.sh'
[4.969s] INFO:colcon.colcon_core.shell:Creating package script '/home/danny/ros2_ws/install/rtabmap_ntust/share/rtabmap_ntust/package.bash'
[4.970s] INFO:colcon.colcon_core.shell:Creating package script '/home/danny/ros2_ws/install/rtabmap_ntust/share/rtabmap_ntust/package.zsh'
[4.971s] Level 1:colcon.colcon_core.environment:create_file_with_runtime_dependencies(/home/danny/ros2_ws/install/rtabmap_ntust/share/colcon-core/packages/rtabmap_ntust)
[4.971s] DEBUG:colcon.colcon_parallel_executor.executor.parallel:closing loop
[4.972s] DEBUG:colcon.colcon_parallel_executor.executor.parallel:loop closed
[4.973s] DEBUG:colcon.colcon_parallel_executor.executor.parallel:run_until_complete finished with '0'
[4.973s] DEBUG:colcon.colcon_core.event_reactor:joining thread
[5.028s] INFO:colcon.colcon_core.plugin_system:Skipping extension 'colcon_notification.desktop_notification.notify_send': Could not find 'notify-send'
[5.029s] INFO:colcon.colcon_core.plugin_system:Skipping extension 'colcon_notification.desktop_notification.terminal_notifier': Not used on non-Darwin systems
[5.029s] INFO:colcon.colcon_core.plugin_system:Skipping extension 'colcon_notification.desktop_notification.win32': Not used on non-Windows systems
[5.029s] INFO:colcon.colcon_notification.desktop_notification:Sending desktop notification using 'notify2'
[5.059s] DEBUG:colcon.colcon_notification.desktop_notification.notify2:Failed to initialize notify2: org.freedesktop.DBus.Error.ServiceUnknown: The name org.freedesktop.Notifications was not provided by any .service files
[5.059s] DEBUG:colcon.colcon_core.event_reactor:joined thread
[5.060s] INFO:colcon.colcon_core.shell:Creating prefix script '/home/danny/ros2_ws/install/local_setup.ps1'
[5.062s] INFO:colcon.colcon_core.shell:Creating prefix util module '/home/danny/ros2_ws/install/_local_setup_util_ps1.py'
[5.064s] INFO:colcon.colcon_core.shell:Creating prefix chain script '/home/danny/ros2_ws/install/setup.ps1'
[5.066s] INFO:colcon.colcon_core.shell:Creating prefix script '/home/danny/ros2_ws/install/local_setup.sh'
[5.066s] INFO:colcon.colcon_core.shell:Creating prefix util module '/home/danny/ros2_ws/install/_local_setup_util_sh.py'
[5.067s] INFO:colcon.colcon_core.shell:Creating prefix chain script '/home/danny/ros2_ws/install/setup.sh'
[5.070s] INFO:colcon.colcon_core.shell:Creating prefix script '/home/danny/ros2_ws/install/local_setup.bash'
[5.070s] INFO:colcon.colcon_core.shell:Creating prefix chain script '/home/danny/ros2_ws/install/setup.bash'
[5.072s] INFO:colcon.colcon_core.shell:Creating prefix script '/home/danny/ros2_ws/install/local_setup.zsh'
[5.073s] INFO:colcon.colcon_core.shell:Creating prefix chain script '/home/danny/ros2_ws/install/setup.zsh'
