running egg_info
writing ../../build/rtabmap_webot/rtabmap_webot.egg-info/PKG-INFO
writing dependency_links to ../../build/rtabmap_webot/rtabmap_webot.egg-info/dependency_links.txt
writing entry points to ../../build/rtabmap_webot/rtabmap_webot.egg-info/entry_points.txt
writing requirements to ../../build/rtabmap_webot/rtabmap_webot.egg-info/requires.txt
writing top-level names to ../../build/rtabmap_webot/rtabmap_webot.egg-info/top_level.txt
reading manifest file '../../build/rtabmap_webot/rtabmap_webot.egg-info/SOURCES.txt'
adding license file 'LICENSE'
writing manifest file '../../build/rtabmap_webot/rtabmap_webot.egg-info/SOURCES.txt'
running build
running build_py
copying rtabmap_webot/buildings_marker.py -> /home/danny/ros2_ws/build/rtabmap_webot/build/lib/rtabmap_webot
running install
running install_lib
copying /home/danny/ros2_ws/build/rtabmap_webot/build/lib/rtabmap_webot/buildings_marker.py -> /home/danny/ros2_ws/install/rtabmap_webot/lib/python3.10/site-packages/rtabmap_webot
byte-compiling /home/danny/ros2_ws/install/rtabmap_webot/lib/python3.10/site-packages/rtabmap_webot/buildings_marker.py to buildings_marker.cpython-310.pyc
running install_data
running install_egg_info
removing '/home/danny/ros2_ws/install/rtabmap_webot/lib/python3.10/site-packages/rtabmap_webot-0.0.1-py3.10.egg-info' (and everything under it)
Copying ../../build/rtabmap_webot/rtabmap_webot.egg-info to /home/danny/ros2_ws/install/rtabmap_webot/lib/python3.10/site-packages/rtabmap_webot-0.0.1-py3.10.egg-info
running install_scripts
Installing buildings_marker script to /home/danny/ros2_ws/install/rtabmap_webot/lib/rtabmap_webot
writing list of installed files to '/home/danny/ros2_ws/build/rtabmap_webot/install.log'
