[1.468s] Invoking command in '/home/danny/ros2_ws/src/rtabmap_webot': PYTHONPATH=/home/danny/ros2_ws/build/rtabmap_webot/prefix_override:/usr/lib/python3/dist-packages/colcon_core/task/python/colcon_distutils_commands:/home/danny/ros2_ws/install/rtabmap_webot/lib/python3.10/site-packages:${PYTHONPATH} /usr/bin/python3 -W ignore:setup.py install is deprecated -W ignore:easy_install command is deprecated setup.py egg_info --egg-base ../../build/rtabmap_webot build --build-base /home/danny/ros2_ws/build/rtabmap_webot/build install --record /home/danny/ros2_ws/build/rtabmap_webot/install.log --single-version-externally-managed install_data
[1.997s] running egg_info
[2.032s] writing ../../build/rtabmap_webot/rtabmap_webot.egg-info/PKG-INFO
[2.033s] writing dependency_links to ../../build/rtabmap_webot/rtabmap_webot.egg-info/dependency_links.txt
[2.033s] writing entry points to ../../build/rtabmap_webot/rtabmap_webot.egg-info/entry_points.txt
[2.034s] writing requirements to ../../build/rtabmap_webot/rtabmap_webot.egg-info/requires.txt
[2.034s] writing top-level names to ../../build/rtabmap_webot/rtabmap_webot.egg-info/top_level.txt
[2.081s] reading manifest file '../../build/rtabmap_webot/rtabmap_webot.egg-info/SOURCES.txt'
[2.082s] adding license file 'LICENSE'
[2.083s] writing manifest file '../../build/rtabmap_webot/rtabmap_webot.egg-info/SOURCES.txt'
[2.083s] running build
[2.083s] running build_py
[2.083s] running install
[2.089s] running install_lib
[2.110s] running install_data
[2.111s] running install_egg_info
[2.138s] removing '/home/danny/ros2_ws/install/rtabmap_webot/lib/python3.10/site-packages/rtabmap_webot-0.0.1-py3.10.egg-info' (and everything under it)
[2.138s] Copying ../../build/rtabmap_webot/rtabmap_webot.egg-info to /home/danny/ros2_ws/install/rtabmap_webot/lib/python3.10/site-packages/rtabmap_webot-0.0.1-py3.10.egg-info
[2.139s] running install_scripts
[2.222s] Installing buildings_marker script to /home/danny/ros2_ws/install/rtabmap_webot/lib/rtabmap_webot
[2.223s] writing list of installed files to '/home/danny/ros2_ws/build/rtabmap_webot/install.log'
[2.271s] Invoked command in '/home/danny/ros2_ws/src/rtabmap_webot' returned '0': PYTHONPATH=/home/danny/ros2_ws/build/rtabmap_webot/prefix_override:/usr/lib/python3/dist-packages/colcon_core/task/python/colcon_distutils_commands:/home/danny/ros2_ws/install/rtabmap_webot/lib/python3.10/site-packages:${PYTHONPATH} /usr/bin/python3 -W ignore:setup.py install is deprecated -W ignore:easy_install command is deprecated setup.py egg_info --egg-base ../../build/rtabmap_webot build --build-base /home/danny/ros2_ws/build/rtabmap_webot/build install --record /home/danny/ros2_ws/build/rtabmap_webot/install.log --single-version-externally-managed install_data
