[3.250s] Invoking command in '/home/danny/ros2_ws/src/rtabmap_webot': PYTHONPATH=/home/danny/ros2_ws/build/rtabmap_webot/prefix_override:/usr/lib/python3/dist-packages/colcon_core/task/python/colcon_distutils_commands:/home/danny/ros2_ws/install/rtabmap_webot/lib/python3.10/site-packages:${PYTHONPATH} /usr/bin/python3 -W ignore:setup.py install is deprecated -W ignore:easy_install command is deprecated setup.py egg_info --egg-base ../../build/rtabmap_webot build --build-base /home/danny/ros2_ws/build/rtabmap_webot/build install --record /home/danny/ros2_ws/build/rtabmap_webot/install.log --single-version-externally-managed install_data
[3.895s] running egg_info
[3.930s] writing ../../build/rtabmap_webot/rtabmap_webot.egg-info/PKG-INFO
[3.931s] writing dependency_links to ../../build/rtabmap_webot/rtabmap_webot.egg-info/dependency_links.txt
[3.931s] writing entry points to ../../build/rtabmap_webot/rtabmap_webot.egg-info/entry_points.txt
[3.932s] writing requirements to ../../build/rtabmap_webot/rtabmap_webot.egg-info/requires.txt
[3.932s] writing top-level names to ../../build/rtabmap_webot/rtabmap_webot.egg-info/top_level.txt
[3.984s] reading manifest file '../../build/rtabmap_webot/rtabmap_webot.egg-info/SOURCES.txt'
[3.992s] adding license file 'LICENSE'
[3.993s] writing manifest file '../../build/rtabmap_webot/rtabmap_webot.egg-info/SOURCES.txt'
[3.993s] running build
[3.993s] running build_py
[3.994s] running install
[4.000s] running install_lib
[4.024s] running install_data
[4.025s] copying resource/nav2_params.yaml -> /home/danny/ros2_ws/install/rtabmap_webot/share/rtabmap_webot/resource/.
[4.025s] running install_egg_info
[4.054s] removing '/home/danny/ros2_ws/install/rtabmap_webot/lib/python3.10/site-packages/rtabmap_webot-0.0.1-py3.10.egg-info' (and everything under it)
[4.054s] Copying ../../build/rtabmap_webot/rtabmap_webot.egg-info to /home/danny/ros2_ws/install/rtabmap_webot/lib/python3.10/site-packages/rtabmap_webot-0.0.1-py3.10.egg-info
[4.062s] running install_scripts
[4.158s] Installing buildings_marker script to /home/danny/ros2_ws/install/rtabmap_webot/lib/rtabmap_webot
[4.159s] writing list of installed files to '/home/danny/ros2_ws/build/rtabmap_webot/install.log'
[4.322s] Invoked command in '/home/danny/ros2_ws/src/rtabmap_webot' returned '0': PYTHONPATH=/home/danny/ros2_ws/build/rtabmap_webot/prefix_override:/usr/lib/python3/dist-packages/colcon_core/task/python/colcon_distutils_commands:/home/danny/ros2_ws/install/rtabmap_webot/lib/python3.10/site-packages:${PYTHONPATH} /usr/bin/python3 -W ignore:setup.py install is deprecated -W ignore:easy_install command is deprecated setup.py egg_info --egg-base ../../build/rtabmap_webot build --build-base /home/danny/ros2_ws/build/rtabmap_webot/build install --record /home/danny/ros2_ws/build/rtabmap_webot/install.log --single-version-externally-managed install_data
