/home/danny/ros2_ws/install/rtabmap_webot/lib/python3.10/site-packages/rtabmap_webot/buildings_marker.py
/home/danny/ros2_ws/install/rtabmap_webot/lib/python3.10/site-packages/rtabmap_webot/__init__.py
/home/danny/ros2_ws/install/rtabmap_webot/lib/python3.10/site-packages/rtabmap_webot/__pycache__/buildings_marker.cpython-310.pyc
/home/danny/ros2_ws/install/rtabmap_webot/lib/python3.10/site-packages/rtabmap_webot/__pycache__/__init__.cpython-310.pyc
/home/danny/ros2_ws/install/rtabmap_webot/share/ament_index/resource_index/packages/rtabmap_webot
/home/danny/ros2_ws/install/rtabmap_webot/share/rtabmap_webot/resource/./nav2_params_iron.yaml
/home/danny/ros2_ws/install/rtabmap_webot/share/rtabmap_webot/resource/./default.rviz
/home/danny/ros2_ws/install/rtabmap_webot/share/rtabmap_webot/resource/./tiago_bringup_webots.urdf
/home/danny/ros2_ws/install/rtabmap_webot/share/rtabmap_webot/resource/./tiago_webots.urdf
/home/danny/ros2_ws/install/rtabmap_webot/share/rtabmap_webot/resource/./nav2_params.yaml
/home/danny/ros2_ws/install/rtabmap_webot/share/rtabmap_webot/resource/./sg_package
/home/danny/ros2_ws/install/rtabmap_webot/share/rtabmap_webot/resource/./ros2_control.yml
/home/danny/ros2_ws/install/rtabmap_webot/share/rtabmap_webot/resource/./ros2_control_bringup.yml
/home/danny/ros2_ws/install/rtabmap_webot/share/rtabmap_webot/package.xml
/home/danny/ros2_ws/install/rtabmap_webot/share/rtabmap_webot/launch/rtabmap_launch.py
/home/danny/ros2_ws/install/rtabmap_webot/share/rtabmap_webot/worlds/default.wbt
/home/danny/ros2_ws/install/rtabmap_webot/share/rtabmap_webot/worlds/sg_NTUST_HWH.wbt
/home/danny/ros2_ws/install/rtabmap_webot/lib/python3.10/site-packages/rtabmap_webot-0.0.1-py3.10.egg-info/top_level.txt
/home/danny/ros2_ws/install/rtabmap_webot/lib/python3.10/site-packages/rtabmap_webot-0.0.1-py3.10.egg-info/dependency_links.txt
/home/danny/ros2_ws/install/rtabmap_webot/lib/python3.10/site-packages/rtabmap_webot-0.0.1-py3.10.egg-info/entry_points.txt
/home/danny/ros2_ws/install/rtabmap_webot/lib/python3.10/site-packages/rtabmap_webot-0.0.1-py3.10.egg-info/SOURCES.txt
/home/danny/ros2_ws/install/rtabmap_webot/lib/python3.10/site-packages/rtabmap_webot-0.0.1-py3.10.egg-info/requires.txt
/home/danny/ros2_ws/install/rtabmap_webot/lib/python3.10/site-packages/rtabmap_webot-0.0.1-py3.10.egg-info/PKG-INFO
/home/danny/ros2_ws/install/rtabmap_webot/lib/python3.10/site-packages/rtabmap_webot-0.0.1-py3.10.egg-info/zip-safe
/home/danny/ros2_ws/install/rtabmap_webot/lib/rtabmap_webot/buildings_marker
